/home/ywc/miniconda3/envs/myLib/lib/python3.10/site-packages/torch_npu/utils/_path_manager.py:66: UserWarning: Permission mismatch: The owner of /home/ywc/miniconda3/envs/myLib/lib/python3.10/site-packages/torch_npu/lib/libop_plugin_atb.so does not match.
  warnings.warn(f"Permission mismatch: The owner of {path} does not match.")
Using device: npu:0
================================================================================
e_max Scaling Test - 2026-04-22 17:41:09
================================================================================

Testing torch.float32, unit roundoff u = 5.96e-08
Number of configurations: 49
Trials per config: 100000
M      K      N      KN           log(KN)    sqrt(KN)   e_max          
------------------------------------------------------------------------------------------
128    128    128    16384        9.70       128.0      6.502274e-07    [1/49]
128    128    256    32768        10.40      181.0      8.171885e-07    [2/49]
128    128    512    65536        11.09      256.0      1.011392e-06    [3/49]
128    128    1024   131072       11.78      362.0      1.437393e-06    [4/49]
128    128    2048   262144       12.48      512.0      2.057062e-06    [5/49]
128    128    4096   524288       13.17      724.1      2.758923e-06    [6/49]
128    128    8192   1048576      13.86      1024.0     4.045844e-06    [7/49]
128    256    128    32768        10.40      181.0      8.350194e-07    [8/49]
128    256    256    65536        11.09      256.0      8.955520e-07    [9/49]
128    256    512    131072       11.78      362.0      1.116039e-06    [10/49]
128    256    1024   262144       12.48      512.0      1.504592e-06    [11/49]
128    256    2048   524288       13.17      724.1      1.988431e-06    [12/49]
128    256    4096   1048576      13.86      1024.0     2.736979e-06    [13/49]
128    256    8192   2097152      14.56      1448.2     3.965213e-06    [14/49]
128    512    128    65536        11.09      256.0      1.051709e-06    [15/49]
128    512    256    131072       11.78      362.0      1.163381e-06    [16/49]
128    512    512    262144       12.48      512.0      1.279066e-06    [17/49]
128    512    1024   524288       13.17      724.1      1.680522e-06    [18/49]
128    512    2048   1048576      13.86      1024.0     2.099039e-06    [19/49]
128    512    4096   2097152      14.56      1448.2     2.687064e-06    [20/49]
128    512    8192   4194304      15.25      2048.0     3.983661e-06    [21/49]
128    1024   128    131072       11.78      362.0      1.366913e-06    [22/49]
128    1024   256    262144       12.48      512.0      1.536762e-06    [23/49]
128    1024   512    524288       13.17      724.1      1.814329e-06    [24/49]
128    1024   1024   1048576      13.86      1024.0     1.860151e-06    [25/49]
128    1024   2048   2097152      14.56      1448.2     2.278679e-06    [26/49]
128    1024   4096   4194304      15.25      2048.0     2.894202e-06    [27/49]
128    1024   8192   8388608      15.94      2896.3     3.918136e-06    [28/49]
128    2048   128    262144       12.48      512.0      1.851958e-06    [29/49]
128    2048   256    524288       13.17      724.1      1.992755e-06    [30/49]
128    2048   512    1048576      13.86      1024.0     2.228400e-06    [31/49]
128    2048   1024   2097152      14.56      1448.2     2.276657e-06    [32/49]
128    2048   2048   4194304      15.25      2048.0     2.731107e-06    [33/49]
128    2048   4096   8388608      15.94      2896.3     3.228986e-06    [34/49]
128    2048   8192   16777216     16.64      4096.0     4.424792e-06    [35/49]
128    4096   128    524288       13.17      724.1      2.665186e-06    [36/49]
128    4096   256    1048576      13.86      1024.0     2.869126e-06    [37/49]
128    4096   512    2097152      14.56      1448.2     3.026327e-06    [38/49]
128    4096   1024   4194304      15.25      2048.0     2.829451e-06    [39/49]
128    4096   2048   8388608      15.94      2896.3     3.208135e-06    [40/49]
128    4096   4096   16777216     16.64      4096.0     3.769690e-06    [41/49]
128    4096   8192   33554432     17.33      5792.6     5.064745e-06    [42/49]
128    8192   128    1048576      13.86      1024.0     3.650464e-06    [43/49]
128    8192   256    2097152      14.56      1448.2     3.752845e-06    [44/49]
128    8192   512    4194304      15.25      2048.0     3.796339e-06    [45/49]
128    8192   1024   8388608      15.94      2896.3     4.002613e-06    [46/49]
128    8192   2048   16777216     16.64      4096.0     4.531923e-06    [47/49]
128    8192   4096   33554432     17.33      5792.6     4.493774e-06    [48/49]
128    8192   8192   67108864     18.02      8192.0     5.515228e-06    [49/49]

================================================================================
Regression Analysis
================================================================================

e_max = 5.767551e-07 * log(KN) + -5.396668e-06, R² = 0.839831
e_max = 6.174635e-10 * sqrt(KN) + 1.598842e-06, R² = 0.693714

Results saved to /home/gyh/V-ABFT_TEST/emax_scaling_results.txt
