/home/ywc/miniconda3/envs/myLib/lib/python3.10/site-packages/torch_npu/utils/_path_manager.py:66: UserWarning: Permission mismatch: The owner of /home/ywc/miniconda3/envs/myLib/lib/python3.10/site-packages/torch_npu/lib/libop_plugin_atb.so does not match.
  warnings.warn(f"Permission mismatch: The owner of {path} does not match.")
Using device: npu:0
================================================================================
e_max Scaling Test - 2026-04-22 19:06:08
================================================================================

Testing torch.float32, unit roundoff u = 5.96e-08
Number of configurations: 49
Trials per config: 100000
M      K      N      KN           log(KN)    sqrt(KN)   e_max          
------------------------------------------------------------------------------------------
128    128    128    16384        9.70       128.0      7.285897e-07   
128    128    256    32768        10.40      181.0      7.907861e-07   
128    128    512    65536        11.09      256.0      1.058301e-06   
128    128    1024   131072       11.78      362.0      1.459821e-06   
128    128    2048   262144       12.48      512.0      1.986335e-06   
128    128    4096   524288       13.17      724.1      2.755753e-06   
128    128    8192   1048576      13.86      1024.0     3.787661e-06   
128    256    128    32768        10.40      181.0      7.912940e-07   
128    256    256    65536        11.09      256.0      9.647840e-07   
128    256    512    131072       11.78      362.0      1.165693e-06   
128    256    1024   262144       12.48      512.0      1.506088e-06   
128    256    2048   524288       13.17      724.1      2.162306e-06   
128    256    4096   1048576      13.86      1024.0     2.848795e-06   
128    256    8192   2097152      14.56      1448.2     4.229697e-06   
128    512    128    65536        11.09      256.0      1.102931e-06   
128    512    256    131072       11.78      362.0      1.160011e-06   
128    512    512    262144       12.48      512.0      1.341546e-06   
128    512    1024   524288       13.17      724.1      1.658210e-06   
128    512    2048   1048576      13.86      1024.0     2.081559e-06   
128    512    4096   2097152      14.56      1448.2     2.886640e-06   
128    512    8192   4194304      15.25      2048.0     3.870187e-06   
128    1024   128    131072       11.78      362.0      1.478316e-06   
128    1024   256    262144       12.48      512.0      1.675764e-06   
128    1024   512    524288       13.17      724.1      1.563294e-06   
128    1024   1024   1048576      13.86      1024.0     1.855237e-06   
128    1024   2048   2097152      14.56      1448.2     2.218948e-06   
128    1024   4096   4194304      15.25      2048.0     2.975560e-06   
128    1024   8192   8388608      15.94      2896.3     3.852661e-06   
128    2048   128    262144       12.48      512.0      2.023496e-06   
128    2048   256    524288       13.17      724.1      1.929885e-06   
128    2048   512    1048576      13.86      1024.0     2.128526e-06   
128    2048   1024   2097152      14.56      1448.2     2.243692e-06   
128    2048   2048   4194304      15.25      2048.0     2.670609e-06   
128    2048   4096   8388608      15.94      2896.3     3.263339e-06   
128    2048   8192   16777216     16.64      4096.0     4.035204e-06   
128    4096   128    524288       13.17      724.1      2.716363e-06   
128    4096   256    1048576      13.86      1024.0     2.924557e-06   
128    4096   512    2097152      14.56      1448.2     2.884721e-06   
128    4096   1024   4194304      15.25      2048.0     3.149544e-06   
128    4096   2048   8388608      15.94      2896.3     3.484226e-06   
128    4096   4096   16777216     16.64      4096.0     3.630247e-06   
128    4096   8192   33554432     17.33      5792.6     4.764767e-06   
128    8192   128    1048576      13.86      1024.0     3.955425e-06   
128    8192   256    2097152      14.56      1448.2     3.766175e-06   
128    8192   512    4194304      15.25      2048.0     3.954072e-06   
128    8192   1024   8388608      15.94      2896.3     4.018691e-06   
128    8192   2048   16777216     16.64      4096.0     4.097244e-06   
128    8192   4096   33554432     17.33      5792.6     4.663568e-06   
128    8192   8192   67108864     18.02      8192.0     5.224340e-06   

================================================================================
Regression Analysis
================================================================================

模型: e_max = a * log(KN) + b
  回归系数 a (log): 5.536536e-07
  截距 b (log):     -5.073525e-06
  R^2:              0.826903

模型: e_max = a * sqrt(KN) + b
  回归系数 a (sqrt): 5.795623e-10
  截距 b (sqrt):     1.663113e-06
  R^2:              0.653021

================================================================================
Summary
================================================================================
→ log(KN) 模型拟合更好 (R^2 = 0.826903 vs 0.653021)

Results saved to /home/gyh/V-ABFT_TEST/emax_scaling_results.txt
