/home/ywc/miniconda3/envs/myLib/lib/python3.10/site-packages/torch_npu/utils/_path_manager.py:66: UserWarning: Permission mismatch: The owner of /home/ywc/miniconda3/envs/myLib/lib/python3.10/site-packages/torch_npu/lib/libop_plugin_atb.so does not match.
  warnings.warn(f"Permission mismatch: The owner of {path} does not match.")

Config: 256x4096x256 (M=256, K=4096, N=256), e_max=4.00e-06
  Distribution: N(1e-6,1)
    bit 15: Vdet= 34.0% Adet=  0.0%  Ve2e=  4.0%  Ae2e=  0.0%  (n=100)
    bit 14: Vdet=  6.0% Adet=  0.0%  Ve2e=  1.0%  Ae2e=  0.0%  (n=100)
    bit 13: Vdet=  0.0% Adet=  0.0%  Ve2e=  0.0%  Ae2e=  0.0%  (n=100)
    bit 12: Vdet=  0.0% Adet=  0.0%  Ve2e=  0.0%  Ae2e=  0.0%  (n=100)
    bit 11: Vdet=  0.0% Adet=  0.0%  Ve2e=  0.0%  Ae2e=  0.0%  (n=100)
    bit 10: Vdet=  0.0% Adet=  0.0%  Ve2e=  0.0%  Ae2e=  0.0%  (n=100)
    bit  9: Vdet=  0.0% Adet=  0.0%  Ve2e=  0.0%  Ae2e=  0.0%  (n=100)
    bit  8: Vdet=  0.0% Adet=  0.0%  Ve2e=  0.0%  Ae2e=  0.0%  (n=100)
    bit  7: Vdet=  0.0% Adet=  0.0%  Ve2e=  0.0%  Ae2e=  0.0%  (n=100)
    bit  6: Vdet=  0.0% Adet=  0.0%  Ve2e=  0.0%  Ae2e=  0.0%  (n=100)
    bit  5: Vdet=  0.0% Adet=  0.0%  Ve2e=  0.0%  Ae2e=  0.0%  (n=100)
    bit  4: Vdet=  0.0% Adet=  0.0%  Ve2e=  0.0%  Ae2e=  0.0%  (n=100)
    bit  3: Vdet=  0.0% Adet=  0.0%  Ve2e=  0.0%  Ae2e=  0.0%  (n=100)
    bit  2: Vdet=  0.0% Adet=  0.0%  Ve2e=  0.0%  Ae2e=  0.0%  (n=100)
    bit  1: Vdet=  0.0% Adet=  0.0%  Ve2e=  0.0%  Ae2e=  0.0%  (n=100)
    bit  0: Vdet=  0.0% Adet=  0.0%  Ve2e=  0.0%  Ae2e=  0.0%  (n=100)
  Distribution: N(1,1)
    bit 15: Vdet=100.0% Adet= 57.0%  Ve2e=  0.0%  Ae2e=  0.0%  (n=100)
    bit 14: Vdet= 59.0% Adet=  0.0%  Ve2e=  0.0%  Ae2e=  0.0%  (n=100)
    bit 13: Vdet=  0.0% Adet=  0.0%  Ve2e=  0.0%  Ae2e=  0.0%  (n=100)
    bit 12: Vdet=  0.0% Adet=  0.0%  Ve2e=  0.0%  Ae2e=  0.0%  (n=100)
    bit 11: Vdet=  0.0% Adet=  0.0%  Ve2e=  0.0%  Ae2e=  0.0%  (n=100)
    bit 10: Vdet=  0.0% Adet=  0.0%  Ve2e=  0.0%  Ae2e=  0.0%  (n=100)
    bit  9: Vdet=  0.0% Adet=  0.0%  Ve2e=  0.0%  Ae2e=  0.0%  (n=100)
    bit  8: Vdet=  0.0% Adet=  0.0%  Ve2e=  0.0%  Ae2e=  0.0%  (n=100)
    bit  7: Vdet=  0.0% Adet=  0.0%  Ve2e=  0.0%  Ae2e=  0.0%  (n=100)
    bit  6: Vdet=  0.0% Adet=  0.0%  Ve2e=  0.0%  Ae2e=  0.0%  (n=100)
    bit  5: Vdet=  0.0% Adet=  0.0%  Ve2e=  0.0%  Ae2e=  0.0%  (n=100)
    bit  4: Vdet=  0.0% Adet=  0.0%  Ve2e=  0.0%  Ae2e=  0.0%  (n=100)
    bit  3: Vdet=  0.0% Adet=  0.0%  Ve2e=  0.0%  Ae2e=  0.0%  (n=100)
    bit  2: Vdet=  0.0% Adet=  0.0%  Ve2e=  0.0%  Ae2e=  0.0%  (n=100)
    bit  1: Vdet=  0.0% Adet=  0.0%  Ve2e=  0.0%  Ae2e=  0.0%  (n=100)
    bit  0: Vdet=  0.0% Adet=  0.0%  Ve2e=  0.0%  Ae2e=  0.0%  (n=100)
  Distribution: U(-1,1)
    bit 15: Vdet= 67.0% Adet=  0.0%  Ve2e= 56.0%  Ae2e=  0.0%  (n=100)
    bit 14: Vdet= 43.0% Adet=  0.0%  Ve2e= 39.0%  Ae2e=  0.0%  (n=100)
    bit 13: Vdet= 10.0% Adet=  0.0%  Ve2e=  9.0%  Ae2e=  0.0%  (n=100)
    bit 12: Vdet=  0.0% Adet=  0.0%  Ve2e=  0.0%  Ae2e=  0.0%  (n=100)
    bit 11: Vdet=  0.0% Adet=  0.0%  Ve2e=  0.0%  Ae2e=  0.0%  (n=100)
    bit 10: Vdet=  0.0% Adet=  0.0%  Ve2e=  0.0%  Ae2e=  0.0%  (n=100)
    bit  9: Vdet=  0.0% Adet=  0.0%  Ve2e=  0.0%  Ae2e=  0.0%  (n=100)
    bit  8: Vdet=  0.0% Adet=  0.0%  Ve2e=  0.0%  Ae2e=  0.0%  (n=100)
    bit  7: Vdet=  0.0% Adet=  0.0%  Ve2e=  0.0%  Ae2e=  0.0%  (n=100)
    bit  6: Vdet=  0.0% Adet=  0.0%  Ve2e=  0.0%  Ae2e=  0.0%  (n=100)
    bit  5: Vdet=  0.0% Adet=  0.0%  Ve2e=  0.0%  Ae2e=  0.0%  (n=100)
    bit  4: Vdet=  0.0% Adet=  0.0%  Ve2e=  0.0%  Ae2e=  0.0%  (n=100)
    bit  3: Vdet=  0.0% Adet=  0.0%  Ve2e=  0.0%  Ae2e=  0.0%  (n=100)
    bit  2: Vdet=  0.0% Adet=  0.0%  Ve2e=  0.0%  Ae2e=  0.0%  (n=100)
    bit  1: Vdet=  0.0% Adet=  0.0%  Ve2e=  0.0%  Ae2e=  0.0%  (n=100)
    bit  0: Vdet=  0.0% Adet=  0.0%  Ve2e=  0.0%  Ae2e=  0.0%  (n=100)
  Distribution: TruncN
    bit 15: Vdet= 81.0% Adet=  0.0%  Ve2e=  4.0%  Ae2e=  0.0%  (n=100)
    bit 14: Vdet= 65.0% Adet=  0.0%  Ve2e=  0.0%  Ae2e=  0.0%  (n=100)
    bit 13: Vdet= 31.0% Adet=  0.0%  Ve2e=  0.0%  Ae2e=  0.0%  (n=100)
    bit 12: Vdet=  8.0% Adet=  0.0%  Ve2e=  0.0%  Ae2e=  0.0%  (n=100)
    bit 11: Vdet=  0.0% Adet=  0.0%  Ve2e=  0.0%  Ae2e=  0.0%  (n=100)
    bit 10: Vdet=  0.0% Adet=  0.0%  Ve2e=  0.0%  Ae2e=  0.0%  (n=100)
    bit  9: Vdet=  0.0% Adet=  0.0%  Ve2e=  0.0%  Ae2e=  0.0%  (n=100)
    bit  8: Vdet=  0.0% Adet=  0.0%  Ve2e=  0.0%  Ae2e=  0.0%  (n=100)
    bit  7: Vdet=  0.0% Adet=  0.0%  Ve2e=  0.0%  Ae2e=  0.0%  (n=100)
    bit  6: Vdet=  0.0% Adet=  0.0%  Ve2e=  0.0%  Ae2e=  0.0%  (n=100)
    bit  5: Vdet=  0.0% Adet=  0.0%  Ve2e=  0.0%  Ae2e=  0.0%  (n=100)
    bit  4: Vdet=  0.0% Adet=  0.0%  Ve2e=  0.0%  Ae2e=  0.0%  (n=100)
    bit  3: Vdet=  0.0% Adet=  0.0%  Ve2e=  0.0%  Ae2e=  0.0%  (n=100)
    bit  2: Vdet=  0.0% Adet=  0.0%  Ve2e=  0.0%  Ae2e=  0.0%  (n=100)
    bit  1: Vdet=  0.0% Adet=  0.0%  Ve2e=  0.0%  Ae2e=  0.0%  (n=100)
    bit  0: Vdet=  0.0% Adet=  0.0%  Ve2e=  0.0%  Ae2e=  0.0%  (n=100)
  Saved to /home/gyh/V-ABFT_TEST/bf16_e2e_256x4096x256.json
