/home/ywc/miniconda3/envs/myLib/lib/python3.10/site-packages/torch_npu/utils/_path_manager.py:66: UserWarning: Permission mismatch: The owner of /home/ywc/miniconda3/envs/myLib/lib/python3.10/site-packages/torch_npu/lib/libop_plugin_atb.so does not match.
  warnings.warn(f"Permission mismatch: The owner of {path} does not match.")

============================================================
Config: 128x1024x256 (M=128, K=1024, N=256)
============================================================

  Distribution: N(1e-6,1)
    bit 31 (sign): Vdet=100.0% Adet=100.0%  Vcond=100.0%|100.0%  Acond=100.0%|100.0%  (n=100, dv=100, da=100)
    bit 30 (exp ): Vdet=100.0% Adet=  0.0%  Vcond=100.0%|100.0%  Acond= -1.0%|  0.0%  (n=14, dv=14, da=0)
    bit 29 (exp ): Vdet=100.0% Adet=100.0%  Vcond=100.0%|100.0%  Acond=100.0%|100.0%  (n=100, dv=100, da=100)
    bit 28 (exp ): Vdet=100.0% Adet=100.0%  Vcond=100.0%|100.0%  Acond=100.0%|100.0%  (n=100, dv=100, da=100)
    bit 27 (exp ): Vdet=100.0% Adet=100.0%  Vcond=100.0%|100.0%  Acond=100.0%|100.0%  (n=100, dv=100, da=100)
    bit 26 (exp ): Vdet=100.0% Adet=100.0%  Vcond=100.0%|100.0%  Acond=100.0%|100.0%  (n=100, dv=100, da=100)
    bit 25 (exp ): Vdet=100.0% Adet=100.0%  Vcond=100.0%|100.0%  Acond=100.0%|100.0%  (n=100, dv=100, da=100)
    bit 24 (exp ): Vdet=100.0% Adet=100.0%  Vcond=100.0%|100.0%  Acond=100.0%|100.0%  (n=100, dv=100, da=100)
    bit 23 (exp ): Vdet=100.0% Adet=100.0%  Vcond=100.0%|100.0%  Acond=100.0%|100.0%  (n=100, dv=100, da=100)
    bit 22 (mant): Vdet=100.0% Adet= 99.0%  Vcond=100.0%|100.0%  Acond=100.0%| 99.0%  (n=100, dv=100, da=99)
    bit 21 (mant): Vdet= 99.0% Adet= 94.0%  Vcond= 97.0%| 96.0%  Acond=100.0%| 94.0%  (n=100, dv=99, da=94)
    bit 20 (mant): Vdet= 99.0% Adet= 91.0%  Vcond= 99.0%| 98.0%  Acond=100.0%| 91.0%  (n=100, dv=99, da=91)
    bit 19 (mant): Vdet=100.0% Adet= 81.0%  Vcond= 93.0%| 93.0%  Acond=100.0%| 81.0%  (n=100, dv=100, da=81)
    bit 18 (mant): Vdet= 93.0% Adet= 59.0%  Vcond= 88.2%| 82.0%  Acond=100.0%| 59.0%  (n=100, dv=93, da=59)
    bit 17 (mant): Vdet= 92.0% Adet= 33.0%  Vcond= 80.4%| 74.0%  Acond=100.0%| 33.0%  (n=100, dv=92, da=33)
    bit 16 (mant): Vdet= 89.0% Adet=  4.0%  Vcond= 56.2%| 50.0%  Acond=100.0%|  4.0%  (n=100, dv=89, da=4)

  Distribution: N(1,1)
    bit 31 (sign): Vdet=100.0% Adet=100.0%  Vcond=100.0%|100.0%  Acond=100.0%|100.0%  (n=100, dv=100, da=100)
    bit 30 (exp ): Vdet= -1.0% Adet= -1.0%  Vcond= -1.0%| -1.0%  Acond= -1.0%| -1.0%  (n=0, dv=0, da=0)
    bit 29 (exp ): Vdet=100.0% Adet=100.0%  Vcond=100.0%|100.0%  Acond=100.0%|100.0%  (n=100, dv=100, da=100)
    bit 28 (exp ): Vdet=100.0% Adet=100.0%  Vcond=100.0%|100.0%  Acond=100.0%|100.0%  (n=100, dv=100, da=100)
    bit 27 (exp ): Vdet=100.0% Adet=100.0%  Vcond=100.0%|100.0%  Acond=100.0%|100.0%  (n=100, dv=100, da=100)
    bit 26 (exp ): Vdet= -1.0% Adet= -1.0%  Vcond= -1.0%| -1.0%  Acond= -1.0%| -1.0%  (n=0, dv=0, da=0)
    bit 25 (exp ): Vdet=100.0% Adet=100.0%  Vcond=100.0%|100.0%  Acond=100.0%|100.0%  (n=100, dv=100, da=100)
    bit 24 (exp ): Vdet=100.0% Adet=100.0%  Vcond=100.0%|100.0%  Acond=100.0%|100.0%  (n=100, dv=100, da=100)
    bit 23 (exp ): Vdet=100.0% Adet=100.0%  Vcond=100.0%|100.0%  Acond=100.0%|100.0%  (n=100, dv=100, da=100)
    bit 22 (mant): Vdet=100.0% Adet=100.0%  Vcond=100.0%|100.0%  Acond=100.0%|100.0%  (n=100, dv=100, da=100)
    bit 21 (mant): Vdet=100.0% Adet=100.0%  Vcond=100.0%|100.0%  Acond=100.0%|100.0%  (n=100, dv=100, da=100)
    bit 20 (mant): Vdet=100.0% Adet=100.0%  Vcond=100.0%|100.0%  Acond=100.0%|100.0%  (n=100, dv=100, da=100)
    bit 19 (mant): Vdet=100.0% Adet=100.0%  Vcond= 90.0%| 90.0%  Acond= 70.0%| 70.0%  (n=100, dv=100, da=100)
    bit 18 (mant): Vdet=100.0% Adet=100.0%  Vcond= 28.0%| 28.0%  Acond=  0.0%|  0.0%  (n=100, dv=100, da=100)
    bit 17 (mant): Vdet=100.0% Adet=100.0%  Vcond=  0.0%|  0.0%  Acond=  0.0%|  0.0%  (n=100, dv=100, da=100)
    bit 16 (mant): Vdet=100.0% Adet=100.0%  Vcond=  0.0%|  0.0%  Acond=  0.0%|  0.0%  (n=100, dv=100, da=100)

  Distribution: U(-1,1)
    bit 31 (sign): Vdet=100.0% Adet=100.0%  Vcond=100.0%|100.0%  Acond=100.0%|100.0%  (n=100, dv=100, da=100)
    bit 30 (exp ): Vdet=100.0% Adet=  0.0%  Vcond=100.0%|100.0%  Acond= -1.0%|  0.0%  (n=45, dv=45, da=0)
    bit 29 (exp ): Vdet=100.0% Adet=100.0%  Vcond=100.0%|100.0%  Acond=100.0%|100.0%  (n=100, dv=100, da=100)
    bit 28 (exp ): Vdet=100.0% Adet=100.0%  Vcond=100.0%|100.0%  Acond=100.0%|100.0%  (n=100, dv=100, da=100)
    bit 27 (exp ): Vdet=100.0% Adet=100.0%  Vcond=100.0%|100.0%  Acond=100.0%|100.0%  (n=100, dv=100, da=100)
    bit 26 (exp ): Vdet=100.0% Adet=100.0%  Vcond=100.0%|100.0%  Acond=100.0%|100.0%  (n=100, dv=100, da=100)
    bit 25 (exp ): Vdet=100.0% Adet=100.0%  Vcond=100.0%|100.0%  Acond=100.0%|100.0%  (n=100, dv=100, da=100)
    bit 24 (exp ): Vdet=100.0% Adet=100.0%  Vcond=100.0%|100.0%  Acond=100.0%|100.0%  (n=100, dv=100, da=100)
    bit 23 (exp ): Vdet=100.0% Adet= 98.0%  Vcond= 98.0%| 98.0%  Acond=100.0%| 98.0%  (n=100, dv=100, da=98)
    bit 22 (mant): Vdet=100.0% Adet= 98.0%  Vcond=100.0%|100.0%  Acond=100.0%| 98.0%  (n=100, dv=100, da=98)
    bit 21 (mant): Vdet=100.0% Adet=100.0%  Vcond=100.0%|100.0%  Acond=100.0%|100.0%  (n=100, dv=100, da=100)
    bit 20 (mant): Vdet= 99.0% Adet= 89.0%  Vcond= 96.0%| 95.0%  Acond=100.0%| 89.0%  (n=100, dv=99, da=89)
    bit 19 (mant): Vdet=100.0% Adet= 90.0%  Vcond= 97.0%| 97.0%  Acond=100.0%| 90.0%  (n=100, dv=100, da=90)
    bit 18 (mant): Vdet= 98.0% Adet= 68.0%  Vcond= 84.7%| 83.0%  Acond=100.0%| 68.0%  (n=100, dv=98, da=68)
    bit 17 (mant): Vdet= 95.0% Adet= 46.0%  Vcond= 68.4%| 65.0%  Acond=100.0%| 46.0%  (n=100, dv=95, da=46)
    bit 16 (mant): Vdet= 93.0% Adet= 15.0%  Vcond= 43.0%| 40.0%  Acond=100.0%| 15.0%  (n=100, dv=93, da=15)

  Distribution: TruncN
    bit 31 (sign): Vdet=100.0% Adet= 98.0%  Vcond= 98.0%| 98.0%  Acond=100.0%| 98.0%  (n=100, dv=100, da=98)
    bit 30 (exp ): Vdet=100.0% Adet=  0.0%  Vcond=100.0%|100.0%  Acond= -1.0%|  0.0%  (n=28, dv=28, da=0)
    bit 29 (exp ): Vdet=100.0% Adet=100.0%  Vcond=100.0%|100.0%  Acond=100.0%|100.0%  (n=100, dv=100, da=100)
    bit 28 (exp ): Vdet=100.0% Adet=100.0%  Vcond=100.0%|100.0%  Acond=100.0%|100.0%  (n=100, dv=100, da=100)
    bit 27 (exp ): Vdet=100.0% Adet=100.0%  Vcond=100.0%|100.0%  Acond=100.0%|100.0%  (n=100, dv=100, da=100)
    bit 26 (exp ): Vdet=100.0% Adet=100.0%  Vcond=100.0%|100.0%  Acond=100.0%|100.0%  (n=100, dv=100, da=100)
    bit 25 (exp ): Vdet=100.0% Adet=100.0%  Vcond=100.0%|100.0%  Acond=100.0%|100.0%  (n=100, dv=100, da=100)
    bit 24 (exp ): Vdet=100.0% Adet=100.0%  Vcond=100.0%|100.0%  Acond=100.0%|100.0%  (n=100, dv=100, da=100)
    bit 23 (exp ): Vdet=100.0% Adet=100.0%  Vcond=100.0%|100.0%  Acond=100.0%|100.0%  (n=100, dv=100, da=100)
    bit 22 (mant): Vdet=100.0% Adet= 99.0%  Vcond= 99.0%| 99.0%  Acond=100.0%| 99.0%  (n=100, dv=100, da=99)
    bit 21 (mant): Vdet=100.0% Adet= 98.0%  Vcond= 98.0%| 98.0%  Acond=100.0%| 98.0%  (n=100, dv=100, da=98)
    bit 20 (mant): Vdet=100.0% Adet= 98.0%  Vcond= 99.0%| 99.0%  Acond=100.0%| 98.0%  (n=100, dv=100, da=98)
    bit 19 (mant): Vdet=100.0% Adet= 92.0%  Vcond= 96.0%| 96.0%  Acond=100.0%| 92.0%  (n=100, dv=100, da=92)
    bit 18 (mant): Vdet= 99.0% Adet= 81.0%  Vcond= 89.9%| 89.0%  Acond=100.0%| 81.0%  (n=100, dv=99, da=81)
    bit 17 (mant): Vdet= 96.0% Adet= 67.0%  Vcond= 86.5%| 83.0%  Acond=100.0%| 67.0%  (n=100, dv=96, da=67)
    bit 16 (mant): Vdet= 96.0% Adet= 38.0%  Vcond= 60.4%| 58.0%  Acond=100.0%| 38.0%  (n=100, dv=96, da=38)

  Saved to /home/gyh/V-ABFT_TEST/fp32_e2e_128x1024x256.json

============================================================
Config: 128x4096x256 (M=128, K=4096, N=256)
============================================================

  Distribution: N(1e-6,1)
    bit 31 (sign): Vdet=100.0% Adet=100.0%  Vcond=100.0%|100.0%  Acond=100.0%|100.0%  (n=100, dv=100, da=100)
    bit 30 (exp ): Vdet=100.0% Adet=  0.0%  Vcond=100.0%|100.0%  Acond= -1.0%|  0.0%  (n=9, dv=9, da=0)
    bit 29 (exp ): Vdet=100.0% Adet=100.0%  Vcond=100.0%|100.0%  Acond=100.0%|100.0%  (n=100, dv=100, da=100)
    bit 28 (exp ): Vdet=100.0% Adet=100.0%  Vcond=100.0%|100.0%  Acond=100.0%|100.0%  (n=100, dv=100, da=100)
    bit 27 (exp ): Vdet=100.0% Adet=100.0%  Vcond=100.0%|100.0%  Acond=100.0%|100.0%  (n=100, dv=100, da=100)
    bit 26 (exp ): Vdet=100.0% Adet=100.0%  Vcond=100.0%|100.0%  Acond=100.0%|100.0%  (n=100, dv=100, da=100)
    bit 25 (exp ): Vdet=100.0% Adet=100.0%  Vcond=100.0%|100.0%  Acond=100.0%|100.0%  (n=100, dv=100, da=100)
    bit 24 (exp ): Vdet=100.0% Adet= 98.0%  Vcond=100.0%|100.0%  Acond=100.0%| 98.0%  (n=100, dv=100, da=98)
    bit 23 (exp ): Vdet=100.0% Adet= 99.0%  Vcond=100.0%|100.0%  Acond=100.0%| 99.0%  (n=100, dv=100, da=99)
    bit 22 (mant): Vdet=100.0% Adet= 96.0%  Vcond= 99.0%| 99.0%  Acond=100.0%| 96.0%  (n=100, dv=100, da=96)
    bit 21 (mant): Vdet= 99.0% Adet= 90.0%  Vcond= 98.0%| 97.0%  Acond=100.0%| 90.0%  (n=100, dv=99, da=90)
    bit 20 (mant): Vdet= 94.0% Adet= 80.0%  Vcond= 98.9%| 93.0%  Acond=100.0%| 80.0%  (n=100, dv=94, da=80)
    bit 19 (mant): Vdet= 97.0% Adet= 55.0%  Vcond= 90.7%| 88.0%  Acond=100.0%| 55.0%  (n=100, dv=97, da=55)
    bit 18 (mant): Vdet= 93.0% Adet= 25.0%  Vcond= 84.9%| 79.0%  Acond=100.0%| 25.0%  (n=100, dv=93, da=25)
    bit 17 (mant): Vdet= 84.0% Adet=  3.0%  Vcond= 67.9%| 57.0%  Acond=100.0%|  3.0%  (n=100, dv=84, da=3)
    bit 16 (mant): Vdet= 56.0% Adet=  0.0%  Vcond= 44.6%| 25.0%  Acond= -1.0%|  0.0%  (n=100, dv=56, da=0)

  Distribution: N(1,1)
    bit 31 (sign): Vdet=100.0% Adet=100.0%  Vcond=100.0%|100.0%  Acond=100.0%|100.0%  (n=100, dv=100, da=100)
    bit 30 (exp ): Vdet= -1.0% Adet= -1.0%  Vcond= -1.0%| -1.0%  Acond= -1.0%| -1.0%  (n=0, dv=0, da=0)
    bit 29 (exp ): Vdet=100.0% Adet=100.0%  Vcond=100.0%|100.0%  Acond=100.0%|100.0%  (n=100, dv=100, da=100)
    bit 28 (exp ): Vdet=100.0% Adet=100.0%  Vcond=100.0%|100.0%  Acond=100.0%|100.0%  (n=100, dv=100, da=100)
    bit 27 (exp ): Vdet=100.0% Adet=100.0%  Vcond=100.0%|100.0%  Acond=100.0%|100.0%  (n=100, dv=100, da=100)
    bit 26 (exp ): Vdet= -1.0% Adet= -1.0%  Vcond= -1.0%| -1.0%  Acond= -1.0%| -1.0%  (n=0, dv=0, da=0)
    bit 25 (exp ): Vdet=100.0% Adet=100.0%  Vcond=100.0%|100.0%  Acond=100.0%|100.0%  (n=100, dv=100, da=100)
    bit 24 (exp ): Vdet= -1.0% Adet= -1.0%  Vcond= -1.0%| -1.0%  Acond= -1.0%| -1.0%  (n=0, dv=0, da=0)
    bit 23 (exp ): Vdet=100.0% Adet=100.0%  Vcond=100.0%|100.0%  Acond=100.0%|100.0%  (n=100, dv=100, da=100)
    bit 22 (mant): Vdet=100.0% Adet=100.0%  Vcond=100.0%|100.0%  Acond=100.0%|100.0%  (n=100, dv=100, da=100)
    bit 21 (mant): Vdet=100.0% Adet=100.0%  Vcond=100.0%|100.0%  Acond=100.0%|100.0%  (n=100, dv=100, da=100)
    bit 20 (mant): Vdet=100.0% Adet=100.0%  Vcond=100.0%|100.0%  Acond= 97.0%| 97.0%  (n=100, dv=100, da=100)
    bit 19 (mant): Vdet=100.0% Adet=100.0%  Vcond= 66.0%| 66.0%  Acond=  0.0%|  0.0%  (n=100, dv=100, da=100)
    bit 18 (mant): Vdet=100.0% Adet=100.0%  Vcond=  0.0%|  0.0%  Acond=  0.0%|  0.0%  (n=100, dv=100, da=100)
    bit 17 (mant): Vdet=100.0% Adet=100.0%  Vcond=  0.0%|  0.0%  Acond=  0.0%|  0.0%  (n=100, dv=100, da=100)
    bit 16 (mant): Vdet=100.0% Adet=100.0%  Vcond=  0.0%|  0.0%  Acond=  0.0%|  0.0%  (n=100, dv=100, da=100)

  Distribution: U(-1,1)
    bit 31 (sign): Vdet=100.0% Adet= 99.0%  Vcond=100.0%|100.0%  Acond=100.0%| 99.0%  (n=100, dv=100, da=99)
    bit 30 (exp ): Vdet=100.0% Adet=  0.0%  Vcond=100.0%|100.0%  Acond= -1.0%|  0.0%  (n=26, dv=26, da=0)
    bit 29 (exp ): Vdet=100.0% Adet=100.0%  Vcond=100.0%|100.0%  Acond=100.0%|100.0%  (n=100, dv=100, da=100)
    bit 28 (exp ): Vdet=100.0% Adet=100.0%  Vcond=100.0%|100.0%  Acond=100.0%|100.0%  (n=100, dv=100, da=100)
    bit 27 (exp ): Vdet=100.0% Adet=100.0%  Vcond=100.0%|100.0%  Acond=100.0%|100.0%  (n=100, dv=100, da=100)
    bit 26 (exp ): Vdet=100.0% Adet=100.0%  Vcond=100.0%|100.0%  Acond=100.0%|100.0%  (n=100, dv=100, da=100)
    bit 25 (exp ): Vdet=100.0% Adet=100.0%  Vcond=100.0%|100.0%  Acond=100.0%|100.0%  (n=100, dv=100, da=100)
    bit 24 (exp ): Vdet=100.0% Adet=100.0%  Vcond=100.0%|100.0%  Acond=100.0%|100.0%  (n=100, dv=100, da=100)
    bit 23 (exp ): Vdet=100.0% Adet=100.0%  Vcond=100.0%|100.0%  Acond=100.0%|100.0%  (n=100, dv=100, da=100)
    bit 22 (mant): Vdet=100.0% Adet= 97.0%  Vcond= 99.0%| 99.0%  Acond=100.0%| 97.0%  (n=100, dv=100, da=97)
    bit 21 (mant): Vdet= 99.0% Adet= 91.0%  Vcond= 97.0%| 96.0%  Acond=100.0%| 91.0%  (n=100, dv=99, da=91)
    bit 20 (mant): Vdet= 98.0% Adet= 90.0%  Vcond= 94.9%| 93.0%  Acond=100.0%| 90.0%  (n=100, dv=98, da=90)
    bit 19 (mant): Vdet= 98.0% Adet= 70.0%  Vcond= 83.7%| 82.0%  Acond=100.0%| 70.0%  (n=100, dv=98, da=70)
    bit 18 (mant): Vdet= 98.0% Adet= 53.0%  Vcond= 75.5%| 74.0%  Acond=100.0%| 53.0%  (n=100, dv=98, da=53)
    bit 17 (mant): Vdet= 90.0% Adet= 13.0%  Vcond= 52.2%| 47.0%  Acond=100.0%| 13.0%  (n=100, dv=90, da=13)
    bit 16 (mant): Vdet= 82.0% Adet=  0.0%  Vcond= 17.1%| 14.0%  Acond= -1.0%|  0.0%  (n=100, dv=82, da=0)

  Distribution: TruncN
    bit 31 (sign): Vdet=100.0% Adet= 99.0%  Vcond= 99.0%| 99.0%  Acond=100.0%| 99.0%  (n=100, dv=100, da=99)
    bit 30 (exp ): Vdet=100.0% Adet=  0.0%  Vcond=100.0%|100.0%  Acond= -1.0%|  0.0%  (n=10, dv=10, da=0)
    bit 29 (exp ): Vdet=100.0% Adet=100.0%  Vcond=100.0%|100.0%  Acond=100.0%|100.0%  (n=100, dv=100, da=100)
    bit 28 (exp ): Vdet=100.0% Adet=100.0%  Vcond=100.0%|100.0%  Acond=100.0%|100.0%  (n=100, dv=100, da=100)
    bit 27 (exp ): Vdet=100.0% Adet=100.0%  Vcond=100.0%|100.0%  Acond=100.0%|100.0%  (n=100, dv=100, da=100)
    bit 26 (exp ): Vdet=100.0% Adet=100.0%  Vcond=100.0%|100.0%  Acond=100.0%|100.0%  (n=100, dv=100, da=100)
    bit 25 (exp ): Vdet=100.0% Adet=100.0%  Vcond=100.0%|100.0%  Acond=100.0%|100.0%  (n=100, dv=100, da=100)
    bit 24 (exp ): Vdet=100.0% Adet=100.0%  Vcond=100.0%|100.0%  Acond=100.0%|100.0%  (n=100, dv=100, da=100)
    bit 23 (exp ): Vdet=100.0% Adet= 99.0%  Vcond= 99.0%| 99.0%  Acond=100.0%| 99.0%  (n=100, dv=100, da=99)
    bit 22 (mant): Vdet= 99.0% Adet= 95.0%  Vcond= 99.0%| 98.0%  Acond=100.0%| 95.0%  (n=100, dv=99, da=95)
    bit 21 (mant): Vdet= 99.0% Adet= 90.0%  Vcond= 98.0%| 97.0%  Acond=100.0%| 90.0%  (n=100, dv=99, da=90)
    bit 20 (mant): Vdet= 99.0% Adet= 76.0%  Vcond= 96.0%| 95.0%  Acond=100.0%| 76.0%  (n=100, dv=99, da=76)
    bit 19 (mant): Vdet= 99.0% Adet= 65.0%  Vcond= 87.9%| 87.0%  Acond=100.0%| 65.0%  (n=100, dv=99, da=65)
    bit 18 (mant): Vdet= 97.0% Adet= 32.0%  Vcond= 83.5%| 81.0%  Acond=100.0%| 32.0%  (n=100, dv=97, da=32)
    bit 17 (mant): Vdet= 96.0% Adet=  8.0%  Vcond= 64.6%| 62.0%  Acond=100.0%|  8.0%  (n=100, dv=96, da=8)
    bit 16 (mant): Vdet= 90.0% Adet=  0.0%  Vcond= 27.8%| 25.0%  Acond= -1.0%|  0.0%  (n=100, dv=90, da=0)

  Saved to /home/gyh/V-ABFT_TEST/fp32_e2e_128x4096x256.json
