/home/ywc/miniconda3/envs/myLib/lib/python3.10/site-packages/torch_npu/utils/_path_manager.py:66: UserWarning: Permission mismatch: The owner of /home/ywc/miniconda3/envs/myLib/lib/python3.10/site-packages/torch_npu/lib/libop_plugin_atb.so does not match.
  warnings.warn(f"Permission mismatch: The owner of {path} does not match.")

======================================================================
Config: 256x4096x256, Device: npu:0
A-ABFT: ORIGINAL single inner-product formula (per-row y)
======================================================================

  Distribution: N(1e-6,1)
    bit 31 (sign): Vdet=100.0% Adet= 97.0%  Ve2e= 99.0%  Ae2e= 97.0%  (n=100, dv=100, da=97)
    bit 30 (exp ): Vdet=100.0% Adet=100.0%  Ve2e=100.0%  Ae2e=100.0%  (n=100, dv=100, da=100)
    bit 29 (exp ): Vdet= 99.0% Adet= 96.0%  Ve2e= 99.0%  Ae2e= 96.0%  (n=100, dv=99, da=96)
    bit 28 (exp ): Vdet=100.0% Adet= 98.0%  Ve2e=100.0%  Ae2e= 98.0%  (n=100, dv=100, da=98)
    bit 27 (exp ): Vdet=100.0% Adet= 98.0%  Ve2e=100.0%  Ae2e= 98.0%  (n=100, dv=100, da=98)
    bit 26 (exp ): Vdet=100.0% Adet= 98.0%  Ve2e=100.0%  Ae2e= 98.0%  (n=100, dv=100, da=98)
    bit 25 (exp ): Vdet=100.0% Adet= 97.0%  Ve2e=100.0%  Ae2e= 97.0%  (n=100, dv=100, da=97)
    bit 24 (exp ): Vdet= 99.0% Adet= 99.0%  Ve2e= 99.0%  Ae2e= 99.0%  (n=100, dv=99, da=99)
    bit 23 (exp ): Vdet= 99.0% Adet= 95.0%  Ve2e= 99.0%  Ae2e= 95.0%  (n=100, dv=99, da=95)
    bit 22 (mant): Vdet= 99.0% Adet= 89.0%  Ve2e= 99.0%  Ae2e= 89.0%  (n=100, dv=99, da=89)
    bit 21 (mant): Vdet= 98.0% Adet= 81.0%  Ve2e= 96.0%  Ae2e= 81.0%  (n=100, dv=98, da=81)
    bit 20 (mant): Vdet= 98.0% Adet= 68.0%  Ve2e= 91.0%  Ae2e= 68.0%  (n=100, dv=98, da=68)
    bit 19 (mant): Vdet= 92.0% Adet= 38.0%  Ve2e= 83.0%  Ae2e= 38.0%  (n=100, dv=92, da=38)
    bit 18 (mant): Vdet= 89.0% Adet= 11.0%  Ve2e= 81.0%  Ae2e= 11.0%  (n=100, dv=89, da=11)
    bit 17 (mant): Vdet= 85.0% Adet=  4.0%  Ve2e= 63.0%  Ae2e=  4.0%  (n=100, dv=85, da=4)
    bit 16 (mant): Vdet= 70.0% Adet=  0.0%  Ve2e= 30.0%  Ae2e=  0.0%  (n=100, dv=70, da=0)

  Distribution: N(1,1)
    bit 31 (sign): Vdet=100.0% Adet=100.0%  Ve2e=100.0%  Ae2e=100.0%  (n=100, dv=100, da=100)
    bit 30 (exp ): Vdet=100.0% Adet=100.0%  Ve2e=100.0%  Ae2e=100.0%  (n=100, dv=100, da=100)
    bit 29 (exp ): Vdet=100.0% Adet=100.0%  Ve2e=100.0%  Ae2e=100.0%  (n=100, dv=100, da=100)
    bit 28 (exp ): Vdet=100.0% Adet=100.0%  Ve2e=100.0%  Ae2e=100.0%  (n=100, dv=100, da=100)
    bit 27 (exp ): Vdet=100.0% Adet=100.0%  Ve2e=100.0%  Ae2e=100.0%  (n=100, dv=100, da=100)
    bit 26 (exp ): Vdet=100.0% Adet=100.0%  Ve2e=100.0%  Ae2e=100.0%  (n=100, dv=100, da=100)
    bit 25 (exp ): Vdet=100.0% Adet=100.0%  Ve2e=100.0%  Ae2e=100.0%  (n=100, dv=100, da=100)
    bit 24 (exp ): Vdet=100.0% Adet=100.0%  Ve2e=100.0%  Ae2e=100.0%  (n=100, dv=100, da=100)
    bit 23 (exp ): Vdet=100.0% Adet=100.0%  Ve2e=100.0%  Ae2e=100.0%  (n=100, dv=100, da=100)
    bit 22 (mant): Vdet=100.0% Adet=100.0%  Ve2e=100.0%  Ae2e=100.0%  (n=100, dv=100, da=100)
    bit 21 (mant): Vdet=100.0% Adet=100.0%  Ve2e=100.0%  Ae2e=100.0%  (n=100, dv=100, da=100)
    bit 20 (mant): Vdet=100.0% Adet=100.0%  Ve2e= 96.0%  Ae2e= 54.0%  (n=100, dv=100, da=100)
    bit 19 (mant): Vdet=100.0% Adet=100.0%  Ve2e= 46.0%  Ae2e=  0.0%  (n=100, dv=100, da=100)
    bit 18 (mant): Vdet=100.0% Adet=100.0%  Ve2e=  0.0%  Ae2e=  0.0%  (n=100, dv=100, da=100)
    bit 17 (mant): Vdet=100.0% Adet=100.0%  Ve2e=  0.0%  Ae2e=  0.0%  (n=100, dv=100, da=100)
    bit 16 (mant): Vdet=100.0% Adet= 47.0%  Ve2e=  0.0%  Ae2e=  0.0%  (n=100, dv=100, da=47)

  Distribution: U(-1,1)
    bit 31 (sign): Vdet=100.0% Adet=100.0%  Ve2e=100.0%  Ae2e=100.0%  (n=100, dv=100, da=100)
    bit 30 (exp ): Vdet=100.0% Adet=100.0%  Ve2e=100.0%  Ae2e=100.0%  (n=100, dv=100, da=100)
    bit 29 (exp ): Vdet=100.0% Adet= 99.0%  Ve2e=100.0%  Ae2e= 99.0%  (n=100, dv=100, da=99)
    bit 28 (exp ): Vdet=100.0% Adet= 99.0%  Ve2e=100.0%  Ae2e= 99.0%  (n=100, dv=100, da=99)
    bit 27 (exp ): Vdet=100.0% Adet= 99.0%  Ve2e=100.0%  Ae2e= 99.0%  (n=100, dv=100, da=99)
    bit 26 (exp ): Vdet=100.0% Adet= 97.0%  Ve2e= 99.0%  Ae2e= 97.0%  (n=100, dv=100, da=97)
    bit 25 (exp ): Vdet=100.0% Adet=100.0%  Ve2e=100.0%  Ae2e=100.0%  (n=100, dv=100, da=100)
    bit 24 (exp ): Vdet=100.0% Adet= 97.0%  Ve2e= 99.0%  Ae2e= 97.0%  (n=100, dv=100, da=97)
    bit 23 (exp ): Vdet=100.0% Adet= 94.0%  Ve2e=100.0%  Ae2e= 94.0%  (n=100, dv=100, da=94)
    bit 22 (mant): Vdet=100.0% Adet= 89.0%  Ve2e= 95.0%  Ae2e= 89.0%  (n=100, dv=100, da=89)
    bit 21 (mant): Vdet= 99.0% Adet= 85.0%  Ve2e= 96.0%  Ae2e= 85.0%  (n=100, dv=99, da=85)
    bit 20 (mant): Vdet= 99.0% Adet= 84.0%  Ve2e= 97.0%  Ae2e= 84.0%  (n=100, dv=99, da=84)
    bit 19 (mant): Vdet=100.0% Adet= 52.0%  Ve2e= 87.0%  Ae2e= 52.0%  (n=100, dv=100, da=52)
    bit 18 (mant): Vdet= 96.0% Adet= 18.0%  Ve2e= 72.0%  Ae2e= 18.0%  (n=100, dv=96, da=18)
    bit 17 (mant): Vdet= 87.0% Adet=  3.0%  Ve2e= 44.0%  Ae2e=  3.0%  (n=100, dv=87, da=3)
    bit 16 (mant): Vdet= 82.0% Adet=  0.0%  Ve2e= 14.0%  Ae2e=  0.0%  (n=100, dv=82, da=0)

  Distribution: TruncN
    bit 31 (sign): Vdet=100.0% Adet= 98.0%  Ve2e=100.0%  Ae2e= 98.0%  (n=100, dv=100, da=98)
    bit 30 (exp ): Vdet=100.0% Adet=100.0%  Ve2e=100.0%  Ae2e=100.0%  (n=100, dv=100, da=100)
    bit 29 (exp ): Vdet=100.0% Adet= 99.0%  Ve2e=100.0%  Ae2e= 99.0%  (n=100, dv=100, da=99)
    bit 28 (exp ): Vdet=100.0% Adet=100.0%  Ve2e=100.0%  Ae2e=100.0%  (n=100, dv=100, da=100)
    bit 27 (exp ): Vdet=100.0% Adet= 96.0%  Ve2e=100.0%  Ae2e= 96.0%  (n=100, dv=100, da=96)
    bit 26 (exp ): Vdet=100.0% Adet=100.0%  Ve2e=100.0%  Ae2e=100.0%  (n=100, dv=100, da=100)
    bit 25 (exp ): Vdet=100.0% Adet= 98.0%  Ve2e=100.0%  Ae2e= 98.0%  (n=100, dv=100, da=98)
    bit 24 (exp ): Vdet=100.0% Adet= 98.0%  Ve2e=100.0%  Ae2e= 98.0%  (n=100, dv=100, da=98)
    bit 23 (exp ): Vdet=100.0% Adet= 93.0%  Ve2e= 98.0%  Ae2e= 93.0%  (n=100, dv=100, da=93)
    bit 22 (mant): Vdet=100.0% Adet= 98.0%  Ve2e=100.0%  Ae2e= 98.0%  (n=100, dv=100, da=98)
    bit 21 (mant): Vdet=100.0% Adet= 95.0%  Ve2e= 99.0%  Ae2e= 95.0%  (n=100, dv=100, da=95)
    bit 20 (mant): Vdet=100.0% Adet= 81.0%  Ve2e= 95.0%  Ae2e= 81.0%  (n=100, dv=100, da=81)
    bit 19 (mant): Vdet=100.0% Adet= 71.0%  Ve2e= 95.0%  Ae2e= 71.0%  (n=100, dv=100, da=71)
    bit 18 (mant): Vdet= 94.0% Adet= 31.0%  Ve2e= 82.0%  Ae2e= 31.0%  (n=100, dv=94, da=31)
    bit 17 (mant): Vdet= 92.0% Adet=  5.0%  Ve2e= 59.0%  Ae2e=  5.0%  (n=100, dv=92, da=5)
    bit 16 (mant): Vdet= 93.0% Adet=  0.0%  Ve2e= 27.0%  Ae2e=  0.0%  (n=100, dv=93, da=0)

Results saved to fp32_e2e_256x4096x256_original_aabft.json

======================================================================
Config: 256x8192x256, Device: npu:0
A-ABFT: ORIGINAL single inner-product formula (per-row y)
======================================================================

  Distribution: N(1e-6,1)
    bit 31 (sign): Vdet=100.0% Adet= 99.0%  Ve2e=100.0%  Ae2e= 99.0%  (n=100, dv=100, da=99)
    bit 30 (exp ): Vdet=100.0% Adet= 93.0%  Ve2e=100.0%  Ae2e= 93.0%  (n=100, dv=100, da=93)
    bit 29 (exp ): Vdet=100.0% Adet= 98.0%  Ve2e=100.0%  Ae2e= 98.0%  (n=100, dv=100, da=98)
    bit 28 (exp ): Vdet=100.0% Adet= 98.0%  Ve2e=100.0%  Ae2e= 98.0%  (n=100, dv=100, da=98)
    bit 27 (exp ): Vdet= 99.0% Adet= 98.0%  Ve2e= 98.0%  Ae2e= 98.0%  (n=100, dv=99, da=98)
    bit 26 (exp ): Vdet=100.0% Adet=100.0%  Ve2e=100.0%  Ae2e=100.0%  (n=100, dv=100, da=100)
    bit 25 (exp ): Vdet=100.0% Adet= 98.0%  Ve2e=100.0%  Ae2e= 98.0%  (n=100, dv=100, da=98)
    bit 24 (exp ): Vdet=100.0% Adet= 97.0%  Ve2e=100.0%  Ae2e= 97.0%  (n=100, dv=100, da=97)
    bit 23 (exp ): Vdet=100.0% Adet= 94.0%  Ve2e= 99.0%  Ae2e= 94.0%  (n=100, dv=100, da=94)
    bit 22 (mant): Vdet=100.0% Adet= 80.0%  Ve2e= 98.0%  Ae2e= 80.0%  (n=100, dv=100, da=80)
    bit 21 (mant): Vdet= 95.0% Adet= 65.0%  Ve2e= 94.0%  Ae2e= 65.0%  (n=100, dv=95, da=65)
    bit 20 (mant): Vdet= 96.0% Adet= 50.0%  Ve2e= 96.0%  Ae2e= 50.0%  (n=100, dv=96, da=50)
    bit 19 (mant): Vdet= 96.0% Adet= 14.0%  Ve2e= 88.0%  Ae2e= 14.0%  (n=100, dv=96, da=14)
    bit 18 (mant): Vdet= 93.0% Adet=  0.0%  Ve2e= 74.0%  Ae2e=  0.0%  (n=100, dv=93, da=0)
    bit 17 (mant): Vdet= 78.0% Adet=  0.0%  Ve2e= 55.0%  Ae2e=  0.0%  (n=100, dv=78, da=0)
    bit 16 (mant): Vdet= 47.0% Adet=  0.0%  Ve2e= 12.0%  Ae2e=  0.0%  (n=100, dv=47, da=0)

  Distribution: N(1,1)
    bit 31 (sign): Vdet=100.0% Adet=100.0%  Ve2e=100.0%  Ae2e=100.0%  (n=100, dv=100, da=100)
    bit 30 (exp ): Vdet=100.0% Adet=100.0%  Ve2e=100.0%  Ae2e=100.0%  (n=100, dv=100, da=100)
    bit 29 (exp ): Vdet=100.0% Adet=100.0%  Ve2e=100.0%  Ae2e=100.0%  (n=100, dv=100, da=100)
    bit 28 (exp ): Vdet=100.0% Adet=100.0%  Ve2e=100.0%  Ae2e=100.0%  (n=100, dv=100, da=100)
    bit 27 (exp ): Vdet=100.0% Adet=100.0%  Ve2e=100.0%  Ae2e=100.0%  (n=100, dv=100, da=100)
    bit 26 (exp ): Vdet=100.0% Adet=100.0%  Ve2e=100.0%  Ae2e=100.0%  (n=100, dv=100, da=100)
    bit 25 (exp ): Vdet=100.0% Adet=100.0%  Ve2e=100.0%  Ae2e=100.0%  (n=100, dv=100, da=100)
    bit 24 (exp ): Vdet=100.0% Adet=100.0%  Ve2e=100.0%  Ae2e=100.0%  (n=100, dv=100, da=100)
    bit 23 (exp ): Vdet=100.0% Adet=100.0%  Ve2e=100.0%  Ae2e=100.0%  (n=100, dv=100, da=100)
    bit 22 (mant): Vdet=100.0% Adet=100.0%  Ve2e=100.0%  Ae2e=100.0%  (n=100, dv=100, da=100)
    bit 21 (mant): Vdet=100.0% Adet=100.0%  Ve2e=100.0%  Ae2e= 49.0%  (n=100, dv=100, da=100)
    bit 20 (mant): Vdet=100.0% Adet=100.0%  Ve2e= 45.0%  Ae2e=  1.0%  (n=100, dv=100, da=100)
    bit 19 (mant): Vdet=100.0% Adet=100.0%  Ve2e=  0.0%  Ae2e=  0.0%  (n=100, dv=100, da=100)
    bit 18 (mant): Vdet=100.0% Adet=100.0%  Ve2e=  0.0%  Ae2e=  0.0%  (n=100, dv=100, da=100)
    bit 17 (mant): Vdet=100.0% Adet= 50.0%  Ve2e=  0.0%  Ae2e=  0.0%  (n=100, dv=100, da=50)
    bit 16 (mant): Vdet=100.0% Adet= 11.0%  Ve2e=  0.0%  Ae2e=  0.0%  (n=100, dv=100, da=11)

  Distribution: U(-1,1)
    bit 31 (sign): Vdet=100.0% Adet= 95.0%  Ve2e=100.0%  Ae2e= 95.0%  (n=100, dv=100, da=95)
    bit 30 (exp ): Vdet=100.0% Adet=100.0%  Ve2e=100.0%  Ae2e=100.0%  (n=100, dv=100, da=100)
    bit 29 (exp ): Vdet=100.0% Adet= 95.0%  Ve2e=100.0%  Ae2e= 95.0%  (n=100, dv=100, da=95)
    bit 28 (exp ): Vdet=100.0% Adet= 99.0%  Ve2e=100.0%  Ae2e= 99.0%  (n=100, dv=100, da=99)
    bit 27 (exp ): Vdet=100.0% Adet= 98.0%  Ve2e=100.0%  Ae2e= 98.0%  (n=100, dv=100, da=98)
    bit 26 (exp ): Vdet=100.0% Adet= 97.0%  Ve2e= 98.0%  Ae2e= 97.0%  (n=100, dv=100, da=97)
    bit 25 (exp ): Vdet=100.0% Adet= 97.0%  Ve2e=100.0%  Ae2e= 97.0%  (n=100, dv=100, da=97)
    bit 24 (exp ): Vdet=100.0% Adet= 95.0%  Ve2e= 99.0%  Ae2e= 95.0%  (n=100, dv=100, da=95)
    bit 23 (exp ): Vdet=100.0% Adet= 95.0%  Ve2e= 98.0%  Ae2e= 95.0%  (n=100, dv=100, da=95)
    bit 22 (mant): Vdet=100.0% Adet= 92.0%  Ve2e= 97.0%  Ae2e= 92.0%  (n=100, dv=100, da=92)
    bit 21 (mant): Vdet= 99.0% Adet= 89.0%  Ve2e= 97.0%  Ae2e= 89.0%  (n=100, dv=99, da=89)
    bit 20 (mant): Vdet= 98.0% Adet= 59.0%  Ve2e= 88.0%  Ae2e= 59.0%  (n=100, dv=98, da=59)
    bit 19 (mant): Vdet= 98.0% Adet= 29.0%  Ve2e= 80.0%  Ae2e= 29.0%  (n=100, dv=98, da=29)
    bit 18 (mant): Vdet= 97.0% Adet=  2.0%  Ve2e= 61.0%  Ae2e=  2.0%  (n=100, dv=97, da=2)
    bit 17 (mant): Vdet= 90.0% Adet=  0.0%  Ve2e= 31.0%  Ae2e=  0.0%  (n=100, dv=90, da=0)
    bit 16 (mant): Vdet= 74.0% Adet=  0.0%  Ve2e=  5.0%  Ae2e=  0.0%  (n=100, dv=74, da=0)

  Distribution: TruncN
    bit 31 (sign): Vdet=100.0% Adet= 98.0%  Ve2e=100.0%  Ae2e= 98.0%  (n=100, dv=100, da=98)
    bit 30 (exp ): Vdet=100.0% Adet= 99.0%  Ve2e=100.0%  Ae2e= 99.0%  (n=100, dv=100, da=99)
    bit 29 (exp ): Vdet=100.0% Adet= 95.0%  Ve2e=100.0%  Ae2e= 95.0%  (n=100, dv=100, da=95)
    bit 28 (exp ): Vdet=100.0% Adet= 95.0%  Ve2e= 99.0%  Ae2e= 95.0%  (n=100, dv=100, da=95)
    bit 27 (exp ): Vdet=100.0% Adet= 99.0%  Ve2e=100.0%  Ae2e= 99.0%  (n=100, dv=100, da=99)
    bit 26 (exp ): Vdet=100.0% Adet= 94.0%  Ve2e= 98.0%  Ae2e= 94.0%  (n=100, dv=100, da=94)
    bit 25 (exp ): Vdet=100.0% Adet= 98.0%  Ve2e=100.0%  Ae2e= 98.0%  (n=100, dv=100, da=98)
    bit 24 (exp ): Vdet=100.0% Adet= 98.0%  Ve2e=100.0%  Ae2e= 98.0%  (n=100, dv=100, da=98)
    bit 23 (exp ): Vdet=100.0% Adet= 95.0%  Ve2e= 99.0%  Ae2e= 95.0%  (n=100, dv=100, da=95)
    bit 22 (mant): Vdet=100.0% Adet= 92.0%  Ve2e= 99.0%  Ae2e= 92.0%  (n=100, dv=100, da=92)
    bit 21 (mant): Vdet=100.0% Adet= 67.0%  Ve2e= 94.0%  Ae2e= 67.0%  (n=100, dv=100, da=67)
    bit 20 (mant): Vdet= 98.0% Adet= 55.0%  Ve2e= 96.0%  Ae2e= 55.0%  (n=100, dv=98, da=55)
    bit 19 (mant): Vdet= 99.0% Adet= 14.0%  Ve2e= 85.0%  Ae2e= 14.0%  (n=100, dv=99, da=14)
    bit 18 (mant): Vdet= 95.0% Adet=  1.0%  Ve2e= 68.0%  Ae2e=  1.0%  (n=100, dv=95, da=1)
    bit 17 (mant): Vdet= 90.0% Adet=  0.0%  Ve2e= 42.0%  Ae2e=  0.0%  (n=100, dv=90, da=0)
    bit 16 (mant): Vdet= 84.0% Adet=  0.0%  Ve2e= 15.0%  Ae2e=  0.0%  (n=100, dv=84, da=0)

Results saved to fp32_e2e_256x8192x256_original_aabft.json
