/home/ywc/miniconda3/envs/myLib/lib/python3.10/site-packages/torch_npu/utils/_path_manager.py:66: UserWarning: Permission mismatch: The owner of /home/ywc/miniconda3/envs/myLib/lib/python3.10/site-packages/torch_npu/lib/libop_plugin_atb.so does not match.
  warnings.warn(f"Permission mismatch: The owner of {path} does not match.")
[2026-04-23 01:58:40.686593] Encoding Ablation Test
Device: npu:0, Dtype: torch.float32
Config: M=128, K=1024, N=256, Trials=3000
Error magnitudes: [0.05, 0.07, 0.1]
Test positions: [1, 64, 128, 192, 254]
==========================================================================================

--- |Δ| = 0.05 ---
[W423 01:59:06.908300367 compiler_depend.ts:164] Warning: Warning: Device do not support double dtype now, dtype cast repalce with float. (function operator())
  linear : positions=[56.5, 76.9, 89.1, 77.0, 55.7]%  worst=55.7%  range=33.4%
  sinh   : positions=[79.3, 80.2, 80.5, 80.5, 79.5]%  worst=79.3%  range=1.2%

--- |Δ| = 0.07 ---
  linear : positions=[73.5, 90.2, 95.9, 89.1, 72.8]%  worst=72.8%  range=23.2%
  sinh   : positions=[91.7, 91.6, 92.3, 91.7, 91.2]%  worst=91.2%  range=1.1%

--- |Δ| = 0.1 ---
  linear : positions=[87.3, 97.5, 99.5, 97.5, 86.6]%  worst=86.6%  range=12.9%
  sinh   : positions=[97.5, 98.3, 98.5, 98.1, 98.1]%  worst=97.5%  range=1.1%

==========================================================================================
Table 3 (Reproduced)
==========================================================================================
|Δ|     Lin worst  Lin range  Sinh worst  Sinh range
0.05        55.7%      33.4%       79.3%        1.2%
0.07        72.8%      23.2%       91.2%        1.1%
0.1         86.6%      12.9%       97.5%        1.1%

Saved: /home/gyh/V-ABFT_TEST/results_phase2/F1_encoding_ablation.json
