[2026-04-22 17:41:01] Phase 2 START on NPU
[2026-04-22 17:41:01] [B.2a] NPU e_max baseline (test_emax_v3.py)
[2026-04-22 19:06:01] [B.2b] NPU e_max scaling (test_emax_scaling_v2.py)
[2026-04-22 20:31:22] [D.1] BF16 V-ABFT detection (bf16_detection_test.py)
[2026-04-22 20:32:08] [D.2] FP32 V-ABFT detection (fp32_detection_test.py)
[2026-04-22 20:34:00] [D.3] BF16/FP32 A-ABFT (原版公式) detection
[2026-04-22 20:35:36] [E.1] V-ABFT FPR (test_fpr.py)
[2026-04-22 20:36:01] [Acc.1] V-ABFT NPU 精度 (vabft_acc.py)
[2026-04-22 20:37:31] [Acc.2] A-ABFT NPU 精度 (aabft_acc.py)
[2026-04-22 20:38:04] Phase 2 COMPLETE — results in /home/gyh/V-ABFT_TEST/results_phase2
总用量 92
drwxrwxr-x 2 gyh gyh   331  4月 22 20:37 .
drwxr-xr-x 7 gyh gyh  4096  4月 22 20:37 ..
-rw-rw-r-- 1 gyh gyh  3659  4月 22 20:37 Acc1_vabft_npu.log
-rw-rw-r-- 1 gyh gyh   458  4月 22 20:37 Acc2_aabft_npu.log
-rw-rw-r-- 1 gyh gyh  5111  4月 22 19:05 B2a_emax_npu_v3.log
-rw-rw-r-- 1 gyh gyh  5104  4月 22 20:31 B2b_emax_npu_scaling.log
-rw-rw-r-- 1 gyh gyh  5094  4月 22 20:32 D1_bf16_vabft.log
-rw-rw-r-- 1 gyh gyh 14928  4月 22 20:33 D2_fp32_vabft.log
-rw-rw-r-- 1 gyh gyh 13018  4月 22 20:35 D3_aabft_original.log
-rw-rw-r-- 1 gyh gyh   672  4月 22 20:35 E1_fpr_test.log
-rw-rw-r-- 1 gyh gyh  7802  4月 22 17:41 fp32_e2e_128x1024x256.json
-rw-rw-r-- 1 gyh gyh  7760  4月 22 17:41 fp32_e2e_128x4096x256.json
