====================================================================================================
e_max Measurement - CPU/GPU
====================================================================================================
Date: 2026-02-01 15:48:34
Device: cpu
Dtype: torch.float64
Unit roundoff u: 1.1102e-16
Trials per size: 500
Matrix sizes (N×N): [128, 256, 512, 1024]
====================================================================================================

N        max(e_max)     max/u      p99.9          p99.9/u    mean           mean/u    
------------------------------------------------------------------------------------------
Testing N=128...128      3.9762e-16     3.58       2.8660e-16     2.58       6.2658e-17     0.56      
Testing N=256...256      4.1573e-16     3.74       2.8095e-16     2.53       6.5840e-17     0.59      
Testing N=512...512      4.1898e-16     3.77       2.7545e-16     2.48       6.5139e-17     0.59      
Testing N=1024...1024     5.2797e-16     4.76       2.7307e-16     2.46       7.0979e-17     0.64      

====================================================================================================
Fitting Analysis
====================================================================================================

Model comparison (sorted by R²):
  sqrt      : R² = 0.841991  e_max = 6.0704e-18 × √N + 3.1572e-16  <-- BEST
  power     : R² = 0.766519  e_max = 1.9773e-16 × N^0.1348
  log       : R² = 0.735760  e_max = 5.6886e-17 × log(N) + 1.0492e-16
  constant  : R² = 0.000000  e_max = 4.4008e-16

推荐使用: sqrt 模型
公式: e_max = 6.0704e-18 × √N + 3.1572e-16

====================================================================================================
Constant Analysis
====================================================================================================
e_max range: 3.58u - 4.76u
Variation (max/min): 1.33x
Coefficient of variation: 11.68%

结论: e_max 基本为常数，推荐值 = 5.2797e-16 (4.76u)

====================================================================================================
Data for Paper (Markdown format)
====================================================================================================

| N | e_max | e_max/u |
|---|-------|---------|
| 128 | 3.98e-16 | 3.6 |
| 256 | 4.16e-16 | 3.7 |
| 512 | 4.19e-16 | 3.8 |
| 1024 | 5.28e-16 | 4.8 |
