====================================================================================================
e_max Measurement - CPU/GPU
====================================================================================================
Date: 2026-02-01 15:48:36
Device: cpu
Dtype: torch.float32
Unit roundoff u: 5.9605e-08
Trials per size: 500
Matrix sizes (N×N): [128, 256, 512, 1024]
====================================================================================================

N        max(e_max)     max/u      p99.9          p99.9/u    mean           mean/u    
------------------------------------------------------------------------------------------
Testing N=128...128      2.9552e-07     4.96       2.2569e-07     3.79       5.4463e-08     0.91      
Testing N=256...256      3.1326e-07     5.26       2.2259e-07     3.73       5.5677e-08     0.93      
Testing N=512...512      2.9826e-07     5.00       2.1888e-07     3.67       5.2799e-08     0.89      
Testing N=1024...1024     3.6185e-07     6.07       2.1839e-07     3.66       5.5606e-08     0.93      

====================================================================================================
Fitting Analysis
====================================================================================================

Model comparison (sorted by R²):
  sqrt      : R² = 0.695051  e_max = 2.8588e-09 × √N + 2.5866e-07  <-- BEST
  power     : R² = 0.613988  e_max = 1.9046e-07 × N^0.0862
  log       : R² = 0.596407  e_max = 2.6547e-08 × log(N) + 1.6081e-07
  constant  : R² = 0.000000  e_max = 3.1722e-07

推荐使用: sqrt 模型
公式: e_max = 2.8588e-09 × √N + 2.5866e-07

====================================================================================================
Constant Analysis
====================================================================================================
e_max range: 4.96u - 6.07u
Variation (max/min): 1.22x
Coefficient of variation: 8.40%

结论: e_max 基本为常数，推荐值 = 3.6185e-07 (6.07u)

====================================================================================================
Data for Paper (Markdown format)
====================================================================================================

| N | e_max | e_max/u |
|---|-------|---------|
| 128 | 2.96e-07 | 5.0 |
| 256 | 3.13e-07 | 5.3 |
| 512 | 2.98e-07 | 5.0 |
| 1024 | 3.62e-07 | 6.1 |
