====================================================================================================
e_max Measurement v2 — fixed M=1024, N=256, sweep K
====================================================================================================
Date:    2026-04-07 19:35:14
Device:  cuda
Dtype:   torch.float64  (u = 1.1102e-16)
Trials:  50000 per K value
K sweep: [256, 512, 1024, 2048, 4096, 8192, 16384]
====================================================================================================

K        max(e_max)     max/u      p99.9          p99.9/u    mean           mean/u    
--------------------------------------------------------------------------------------
Testing K=256...256      4.0441e-16     3.64       2.7634e-16     2.49       4.7582e-17     0.43      
Testing K=512...512      4.1299e-16     3.72       2.7376e-16     2.47       5.3187e-17     0.48      
Testing K=1024...1024     5.4924e-16     4.95       2.7192e-16     2.45       6.3102e-17     0.57      
Testing K=2048...2048     5.2897e-16     4.76       2.6918e-16     2.42       5.9616e-17     0.54      
Testing K=4096...4096     5.3247e-16     4.80       2.6776e-16     2.41       6.3471e-17     0.57      
Testing K=8192...8192     6.6185e-16     5.96       3.9510e-16     3.56       7.9319e-17     0.71      
Testing K=16384...16384    7.9872e-16     7.19       3.9805e-16     3.59       9.7333e-17     0.88      

====================================================================================================
ANALYSIS
====================================================================================================
e_max/u range: 3.64 — 7.19
Variation (max/min): 1.98x
CV (across K values): 23.1%

Model comparison (sorted by R²):
  sqrt_K      : R² = 0.9192  e_max = 3.2762e-18 * sqrt(K) + 3.6906e-16  <-- BEST
  linear_K    : R² = 0.8860  e_max = 2.2180e-20 * K + 4.5251e-16
  constant    : R² = 0.0000  e_max = 5.5552e-16

Recommended: sqrt_K
Formula:     e_max = 3.2762e-18 * sqrt(K) + 3.6906e-16

R²(sqrt_K) for paper table: 0.92

Conclusion: e_max scales with sqrt(K). Use fitted formula.

====================================================================================================
DATA FOR PAPER (Markdown)
====================================================================================================
Config: M=1024, N=256, dtype=float64, device=cuda, 50000 trials/K

| K | e_max | e_max/u |
|---:|------:|--------:|
| 256 | 4.04e-16 | 3.6 |
| 512 | 4.13e-16 | 3.7 |
| 1024 | 5.49e-16 | 4.9 |
| 2048 | 5.29e-16 | 4.8 |
| 4096 | 5.32e-16 | 4.8 |
| 8192 | 6.62e-16 | 6.0 |
| 16384 | 7.99e-16 | 7.2 |

CV = 23.1%,  scaling = sqrt_K
