====================================================================================================
e_max Measurement v2 — fixed M=1024, N=256, sweep K
====================================================================================================
Date:    2026-04-07 19:24:15
Device:  cpu
Dtype:   torch.float32  (u = 5.9605e-08)
Trials:  5000 per K value
K sweep: [256, 512, 1024, 2048, 4096, 8192, 16384]
====================================================================================================

K        max(e_max)     max/u      p99.9          p99.9/u    mean           mean/u    
--------------------------------------------------------------------------------------
Testing K=256...256      3.7064e-07     6.22       2.2298e-07     3.74       5.5896e-08     0.94      
Testing K=512...512      3.6388e-07     6.10       2.1962e-07     3.68       5.3827e-08     0.90      
Testing K=1024...1024     3.6292e-07     6.09       2.1875e-07     3.67       5.5901e-08     0.94      
Testing K=2048...2048     4.2873e-07     7.19       2.8192e-07     4.73       5.9535e-08     1.00      
Testing K=4096...4096     4.2910e-07     7.20       2.8504e-07     4.78       6.6479e-08     1.12      
Testing K=8192...8192     5.6616e-07     9.50       3.5435e-07     5.95       7.8764e-08     1.32      
Testing K=16384...16384    7.1122e-07     11.93      4.2590e-07     7.15       9.8820e-08     1.66      

====================================================================================================
ANALYSIS
====================================================================================================
e_max/u range: 6.09 — 11.93
Variation (max/min): 1.96x
CV (across K values): 26.3%

Model comparison (sorted by R²):
  linear_K    : R² = 0.9784  e_max = 2.2064e-11 * K + 3.5933e-07  <-- BEST
  sqrt_K      : R² = 0.9453  e_max = 3.1449e-09 * sqrt(K) + 2.8282e-07
  constant    : R² = 0.0000  e_max = 4.6181e-07

Recommended: linear_K
Formula:     e_max = 2.2064e-11 * K + 3.5933e-07

R²(sqrt_K) for paper table: 0.95

Conclusion: e_max scales with sqrt(K). Use fitted formula.

====================================================================================================
DATA FOR PAPER (Markdown)
====================================================================================================
Config: M=1024, N=256, dtype=float32, device=cpu, 5000 trials/K

| K | e_max | e_max/u |
|---:|------:|--------:|
| 256 | 3.71e-07 | 6.2 |
| 512 | 3.64e-07 | 6.1 |
| 1024 | 3.63e-07 | 6.1 |
| 2048 | 4.29e-07 | 7.2 |
| 4096 | 4.29e-07 | 7.2 |
| 8192 | 5.66e-07 | 9.5 |
| 16384 | 7.11e-07 | 11.9 |

CV = 26.3%,  scaling = sqrt_K
