====================================================================================================
e_max Measurement v2 — fixed M=1024, N=256, sweep K
====================================================================================================
Date:    2026-04-07 19:24:15
Device:  cuda
Dtype:   torch.float32  (u = 5.9605e-08)
Trials:  5000 per K value
K sweep: [256, 512, 1024, 2048, 4096, 8192, 16384]
====================================================================================================

K        max(e_max)     max/u      p99.9          p99.9/u    mean           mean/u    
--------------------------------------------------------------------------------------
Testing K=256...256      2.1846e-07     3.67       1.4862e-07     2.49       2.6262e-08     0.44      
Testing K=512...512      1.5563e-07     2.61       1.4603e-07     2.45       2.4553e-08     0.41      
Testing K=1024...1024     2.1151e-07     3.55       1.4499e-07     2.43       2.6068e-08     0.44      
Testing K=2048...2048     2.1519e-07     3.61       1.4419e-07     2.42       2.8032e-08     0.47      
Testing K=4096...4096     2.1645e-07     3.63       1.4366e-07     2.41       3.2383e-08     0.54      
Testing K=8192...8192     2.8638e-07     4.80       1.4366e-07     2.41       3.9737e-08     0.67      
Testing K=16384...16384    3.5633e-07     5.98       2.1355e-07     3.58       5.1331e-08     0.86      

====================================================================================================
ANALYSIS
====================================================================================================
e_max/u range: 2.61 — 5.98
Variation (max/min): 2.29x
CV (across K values): 25.3%

Model comparison (sorted by R²):
  linear_K    : R² = 0.8902  e_max = 1.0411e-11 * K + 1.8878e-07  <-- BEST
  sqrt_K      : R² = 0.8406  e_max = 1.4671e-09 * sqrt(K) + 1.5364e-07
  constant    : R² = 0.0000  e_max = 2.3714e-07

Recommended: linear_K
Formula:     e_max = 1.0411e-11 * K + 1.8878e-07

R²(sqrt_K) for paper table: 0.84

Conclusion: e_max scales with sqrt(K). Use fitted formula.

====================================================================================================
DATA FOR PAPER (Markdown)
====================================================================================================
Config: M=1024, N=256, dtype=float32, device=cuda, 5000 trials/K

| K | e_max | e_max/u |
|---:|------:|--------:|
| 256 | 2.18e-07 | 3.7 |
| 512 | 1.56e-07 | 2.6 |
| 1024 | 2.12e-07 | 3.5 |
| 2048 | 2.15e-07 | 3.6 |
| 4096 | 2.16e-07 | 3.6 |
| 8192 | 2.86e-07 | 4.8 |
| 16384 | 3.56e-07 | 6.0 |

CV = 25.3%,  scaling = sqrt_K
