====================================================================================================
e_max Measurement v2 — fixed M=1024, N=256, sweep K
====================================================================================================
Date:    2026-04-07 19:24:15
Device:  cuda
Dtype:   torch.float64  (u = 1.1102e-16)
Trials:  5000 per K value
K sweep: [256, 512, 1024, 2048, 4096, 8192, 16384]
====================================================================================================

K        max(e_max)     max/u      p99.9          p99.9/u    mean           mean/u    
--------------------------------------------------------------------------------------
Testing K=256...256      3.7739e-16     3.40       2.7638e-16     2.49       4.7543e-17     0.43      
Testing K=512...512      4.1199e-16     3.71       2.7376e-16     2.47       5.3134e-17     0.48      
Testing K=1024...1024     5.3871e-16     4.85       2.7190e-16     2.45       6.3041e-17     0.57      
Testing K=2048...2048     4.0592e-16     3.66       2.6916e-16     2.42       5.9685e-17     0.54      
Testing K=4096...4096     5.2739e-16     4.75       2.6774e-16     2.41       6.3423e-17     0.57      
Testing K=8192...8192     5.3345e-16     4.80       3.9516e-16     3.56       7.9393e-17     0.72      
Testing K=16384...16384    6.6559e-16     6.00       3.9807e-16     3.59       9.7381e-17     0.88      

====================================================================================================
ANALYSIS
====================================================================================================
e_max/u range: 3.40 — 6.00
Variation (max/min): 1.76x
CV (across K values): 19.1%

Model comparison (sorted by R²):
  sqrt_K      : R² = 0.7383  e_max = 2.1605e-18 * sqrt(K) + 3.7139e-16  <-- BEST
  linear_K    : R² = 0.7246  e_max = 1.4759e-20 * K + 4.2580e-16
  constant    : R² = 0.0000  e_max = 4.9435e-16

Recommended: sqrt_K
Formula:     e_max = 2.1605e-18 * sqrt(K) + 3.7139e-16

R²(sqrt_K) for paper table: 0.74

Conclusion: e_max scales with sqrt(K). Use fitted formula.

====================================================================================================
DATA FOR PAPER (Markdown)
====================================================================================================
Config: M=1024, N=256, dtype=float64, device=cuda, 5000 trials/K

| K | e_max | e_max/u |
|---:|------:|--------:|
| 256 | 3.77e-16 | 3.4 |
| 512 | 4.12e-16 | 3.7 |
| 1024 | 5.39e-16 | 4.9 |
| 2048 | 4.06e-16 | 3.7 |
| 4096 | 5.27e-16 | 4.8 |
| 8192 | 5.33e-16 | 4.8 |
| 16384 | 6.66e-16 | 6.0 |

CV = 19.1%,  scaling = sqrt_K
