====================================================================================================
e_max Measurement v2 — fixed M=1024, N=256, sweep K
====================================================================================================
Date:    2026-04-07 20:59:20
Device:  cuda
Dtype:   torch.float16  (u = 4.8828e-04)
Trials:  50000 per K value
K sweep: [256, 512, 1024, 2048, 4096, 8192, 16384]
====================================================================================================

K        max(e_max)     max/u      p99.9          p99.9/u    mean           mean/u    
--------------------------------------------------------------------------------------
Testing K=256...256      1.0293e-04     0.21       5.8704e-05     0.12       1.4240e-05     0.03      
Testing K=512...512      8.4540e-05     0.17       4.8600e-05     0.10       1.1803e-05     0.02      
Testing K=1024...1024     8.0374e-05     0.16       4.5183e-05     0.09       1.1183e-05     0.02      
Testing K=2048...2048     7.8044e-05     0.16       4.8111e-05     0.10       1.3976e-05     0.03      
Testing K=4096...4096     8.8277e-05     0.18       5.9232e-05     0.12       2.5147e-05     0.05      
Testing K=8192...8192     1.1153e-04     0.23       8.4213e-05     0.17       5.0973e-05     0.10      
Testing K=16384...16384    9.0158e-05     0.18       6.6710e-05     0.14       3.3942e-05     0.07      

====================================================================================================
ANALYSIS
====================================================================================================
e_max/u range: 0.16 — 0.23
Variation (max/min): 1.43x
CV (across K values): 12.4%

Model comparison (sorted by R²):
  linear_K    : R² = 0.0665  e_max = 5.3599e-10 * K + 8.8347e-05  <-- BEST
  sqrt_K      : R² = 0.0656  e_max = 7.7223e-08 * sqrt(K) + 8.6442e-05
  constant    : R² = 0.0000  e_max = 9.0837e-05

Recommended: linear_K
Formula:     e_max = 5.3599e-10 * K + 8.8347e-05

R²(sqrt_K) for paper table: 0.07

Conclusion: e_max ≈ constant across K.  Recommended value = 1.1153e-04 (0.2u)

====================================================================================================
DATA FOR PAPER (Markdown)
====================================================================================================
Config: M=1024, N=256, dtype=float16, device=cuda, 50000 trials/K

| K | e_max | e_max/u |
|---:|------:|--------:|
| 256 | 1.03e-04 | 0.2 |
| 512 | 8.45e-05 | 0.2 |
| 1024 | 8.04e-05 | 0.2 |
| 2048 | 7.80e-05 | 0.2 |
| 4096 | 8.83e-05 | 0.2 |
| 8192 | 1.12e-04 | 0.2 |
| 16384 | 9.02e-05 | 0.2 |

CV = 12.4%,  scaling = constant
