====================================================================================================
e_max Measurement v2 — fixed M=1024, N=256, sweep K
====================================================================================================
Date:    2026-04-07 19:35:14
Device:  cuda
Dtype:   torch.float32  (u = 5.9605e-08)
Trials:  50000 per K value
K sweep: [256, 512, 1024, 2048, 4096, 8192, 16384]
====================================================================================================

K        max(e_max)     max/u      p99.9          p99.9/u    mean           mean/u    
--------------------------------------------------------------------------------------
Testing K=256...256      2.2292e-07     3.74       1.4859e-07     2.49       2.6278e-08     0.44      
Testing K=512...512      1.5733e-07     2.64       1.4607e-07     2.45       2.4551e-08     0.41      
Testing K=1024...1024     2.1793e-07     3.66       1.4501e-07     2.43       2.6077e-08     0.44      
Testing K=2048...2048     2.1871e-07     3.67       1.4419e-07     2.42       2.8020e-08     0.47      
Testing K=4096...4096     2.8669e-07     4.81       1.4365e-07     2.41       3.2397e-08     0.54      
Testing K=8192...8192     2.8885e-07     4.85       1.4368e-07     2.41       3.9728e-08     0.67      
Testing K=16384...16384    3.5738e-07     6.00       2.1354e-07     3.58       5.1356e-08     0.86      

====================================================================================================
ANALYSIS
====================================================================================================
e_max/u range: 2.64 — 6.00
Variation (max/min): 2.27x
CV (across K values): 24.2%

Model comparison (sorted by R²):
  sqrt_K      : R² = 0.8481  e_max = 1.4888e-09 * sqrt(K) + 1.6524e-07  <-- BEST
  linear_K    : R² = 0.8112  e_max = 1.0041e-11 * K + 2.0333e-07
  constant    : R² = 0.0000  e_max = 2.4997e-07

Recommended: sqrt_K
Formula:     e_max = 1.4888e-09 * sqrt(K) + 1.6524e-07

R²(sqrt_K) for paper table: 0.85

Conclusion: e_max scales with sqrt(K). Use fitted formula.

====================================================================================================
DATA FOR PAPER (Markdown)
====================================================================================================
Config: M=1024, N=256, dtype=float32, device=cuda, 50000 trials/K

| K | e_max | e_max/u |
|---:|------:|--------:|
| 256 | 2.23e-07 | 3.7 |
| 512 | 1.57e-07 | 2.6 |
| 1024 | 2.18e-07 | 3.7 |
| 2048 | 2.19e-07 | 3.7 |
| 4096 | 2.87e-07 | 4.8 |
| 8192 | 2.89e-07 | 4.8 |
| 16384 | 3.57e-07 | 6.0 |

CV = 24.2%,  scaling = sqrt_K
