====================================================================================================
e_max Measurement v2 — fixed M=1024, N=256, sweep K
====================================================================================================
Date:    2026-04-07 20:59:20
Device:  cuda
Dtype:   torch.bfloat16  (u = 3.9062e-03)
Trials:  50000 per K value
K sweep: [256, 512, 1024, 2048, 4096, 8192, 16384]
====================================================================================================

K        max(e_max)     max/u      p99.9          p99.9/u    mean           mean/u    
--------------------------------------------------------------------------------------
Testing K=256...256      7.7590e-04     0.20       4.6885e-04     0.12       1.1373e-04     0.03      
Testing K=512...512      6.5874e-04     0.17       3.8487e-04     0.10       9.3341e-05     0.02      
Testing K=1024...1024     5.7330e-04     0.15       3.3500e-04     0.09       8.1255e-05     0.02      
Testing K=2048...2048     5.9777e-04     0.15       3.5017e-04     0.09       8.4923e-05     0.02      
Testing K=4096...4096     6.0532e-04     0.15       3.3708e-04     0.09       8.1806e-05     0.02      
Testing K=8192...8192     5.1726e-04     0.13       3.0256e-04     0.08       7.4480e-05     0.02      
Testing K=16384...16384    4.8673e-04     0.12       2.9862e-04     0.08       7.3599e-05     0.02      

====================================================================================================
ANALYSIS
====================================================================================================
e_max/u range: 0.12 — 0.20
Variation (max/min): 1.59x
CV (across K values): 14.7%

Model comparison (sorted by R²):
  sqrt_K      : R² = 0.6921  e_max = -1.9631e-06 * sqrt(K) + 7.1387e-04  <-- BEST
  linear_K    : R² = 0.5685  e_max = -1.2270e-08 * K + 6.5913e-04
  constant    : R² = 0.0000  e_max = 6.0214e-04

Recommended: sqrt_K
Formula:     e_max = -1.9631e-06 * sqrt(K) + 7.1387e-04

R²(sqrt_K) for paper table: 0.69

Conclusion: e_max ≈ constant across K.  Recommended value = 7.7590e-04 (0.2u)

====================================================================================================
DATA FOR PAPER (Markdown)
====================================================================================================
Config: M=1024, N=256, dtype=bfloat16, device=cuda, 50000 trials/K

| K | e_max | e_max/u |
|---:|------:|--------:|
| 256 | 7.76e-04 | 0.2 |
| 512 | 6.59e-04 | 0.2 |
| 1024 | 5.73e-04 | 0.1 |
| 2048 | 5.98e-04 | 0.2 |
| 4096 | 6.05e-04 | 0.2 |
| 8192 | 5.17e-04 | 0.1 |
| 16384 | 4.87e-04 | 0.1 |

CV = 14.7%,  scaling = constant
