====================================================================================================
e_max Measurement v2 — fixed M=1024, N=256, sweep K
====================================================================================================
Date:    2026-04-07 19:24:15
Device:  cpu
Dtype:   torch.float64  (u = 1.1102e-16)
Trials:  5000 per K value
K sweep: [256, 512, 1024, 2048, 4096, 8192, 16384]
====================================================================================================

K        max(e_max)     max/u      p99.9          p99.9/u    mean           mean/u    
--------------------------------------------------------------------------------------
Testing K=256...256      5.0872e-16     4.58       2.8020e-16     2.52       6.4546e-17     0.58      
Testing K=512...512      5.3262e-16     4.80       2.7566e-16     2.48       6.6636e-17     0.60      
Testing K=1024...1024     5.4377e-16     4.90       2.7391e-16     2.47       7.3319e-17     0.66      
Testing K=2048...2048     5.4901e-16     4.95       3.9718e-16     3.58       8.4166e-17     0.76      
Testing K=4096...4096     7.9256e-16     7.14       5.2095e-16     4.69       1.0316e-16     0.93      
Testing K=8192...8192     9.1842e-16     8.27       5.3168e-16     4.79       1.3370e-16     1.20      
Testing K=16384...16384    1.1923e-15     10.74      7.9107e-16     7.13       1.7986e-16     1.62      

====================================================================================================
ANALYSIS
====================================================================================================
e_max/u range: 4.58 — 10.74
Variation (max/min): 2.34x
CV (across K values): 33.5%

Model comparison (sorted by R²):
  sqrt_K      : R² = 0.9647  e_max = 6.3231e-18 * sqrt(K) + 3.5976e-16  <-- BEST
  linear_K    : R² = 0.9585  e_max = 4.3465e-20 * K + 5.1776e-16
  constant    : R² = 0.0000  e_max = 7.1963e-16

Recommended: sqrt_K
Formula:     e_max = 6.3231e-18 * sqrt(K) + 3.5976e-16

R²(sqrt_K) for paper table: 0.96

Conclusion: e_max scales with sqrt(K). Use fitted formula.

====================================================================================================
DATA FOR PAPER (Markdown)
====================================================================================================
Config: M=1024, N=256, dtype=float64, device=cpu, 5000 trials/K

| K | e_max | e_max/u |
|---:|------:|--------:|
| 256 | 5.09e-16 | 4.6 |
| 512 | 5.33e-16 | 4.8 |
| 1024 | 5.44e-16 | 4.9 |
| 2048 | 5.49e-16 | 4.9 |
| 4096 | 7.93e-16 | 7.1 |
| 8192 | 9.18e-16 | 8.3 |
| 16384 | 1.19e-15 | 10.7 |

CV = 33.5%,  scaling = sqrt_K
