==============================================================================================================
A-ABFT vs V-ABFT Final Comparison (float64)
Device: cuda, Dtype: torch.float64
e_max formula: 8.3e-18×√N + 2.1e-16
Distribution: U(-1, 1)
Date: 2026-04-21 15:55:26
==============================================================================================================

Size     e_max        Actual Diff    A-ABFT         V-ABFT         A-Tight    V-Tight    A-FPR    V-FPR   
--------------------------------------------------------------------------------------------------------------
Testing n=128...128      4.56e-16     1.49e-14       1.82e-12       2.36e-13       123       × 16        × 0.00    % 0.00    %
Testing n=256...256      5.14e-16     3.99e-14       7.91e-12       5.41e-13       198       × 14        × 0.00    % 0.00    %
Testing n=512...512      5.97e-16     1.09e-13       3.34e-11       1.26e-12       307       × 12        × 0.00    % 0.00    %
Testing n=1024...1024     7.13e-16     3.03e-13       1.41e-10       3.03e-12       466       × 10        × 0.00    % 0.00    %
Testing n=2048...2048     8.78e-16     8.58e-13       5.99e-10       7.46e-12       698       × 9         × 0.00    % 0.00    %

==============================================================================================================
Summary for Paper
==============================================================================================================
  n=128    A-ABFT: 123×  V-ABFT: 16×  Advantage: 7.7×  A-FPR: 0.0%  V-FPR: 0.0%
  n=256    A-ABFT: 198×  V-ABFT: 14×  Advantage: 14.6×  A-FPR: 0.0%  V-FPR: 0.0%
  n=512    A-ABFT: 307×  V-ABFT: 12×  Advantage: 26.5×  A-FPR: 0.0%  V-FPR: 0.0%
  n=1024   A-ABFT: 466×  V-ABFT: 10×  Advantage: 46.7×  A-FPR: 0.0%  V-FPR: 0.0%
  n=2048   A-ABFT: 698×  V-ABFT: 9×  Advantage: 80.2×  A-FPR: 0.0%  V-FPR: 0.0%

LaTeX Table Data:
  128×128 & $1.49e-14$ & $1.82e-12$ & $2.36e-13$ & $122\times$ & $15\times$ & 0\% & 0\% \\
  256×256 & $3.99e-14$ & $7.91e-12$ & $5.41e-13$ & $198\times$ & $13\times$ & 0\% & 0\% \\
  512×512 & $1.09e-13$ & $3.34e-11$ & $1.26e-12$ & $307\times$ & $11\times$ & 0\% & 0\% \\
  1024×1024 & $3.03e-13$ & $1.41e-10$ & $3.03e-12$ & $465\times$ & $9\times$ & 0\% & 0\% \\
  2048×2048 & $8.58e-13$ & $5.99e-10$ & $7.46e-12$ & $697\times$ & $8\times$ & 0\% & 0\% \\
