==============================================================================================================
A-ABFT vs V-ABFT Final Comparison (float32)
Device: cuda, Dtype: torch.float32
e_max formula: 4.1e-9×√N + 9.4e-8
Distribution: U(-1, 1)
Date: 2026-04-21 15:55:30
==============================================================================================================

Size     e_max        Actual Diff    A-ABFT         V-ABFT         A-Tight    V-Tight    A-FPR    V-FPR   
--------------------------------------------------------------------------------------------------------------
Testing n=128...128      2.11e-07     6.96e-06       1.95e-03       1.09e-04       280       × 16        × 0.00    % 0.00    %
Testing n=256...256      2.39e-07     1.02e-05       8.37e-03       2.51e-04       821       × 25        × 0.00    % 0.00    %
Testing n=512...512      2.80e-07     2.83e-05       3.58e-02       5.93e-04       1268      × 21        × 0.00    % 0.00    %
Testing n=1024...1024     3.38e-07     1.56e-04       1.52e-01       1.43e-03       978       × 9         × 0.00    % 0.00    %
Testing n=2048...2048     4.19e-07     4.41e-04       6.43e-01       3.56e-03       1456      × 8         × 0.00    % 0.00    %

==============================================================================================================
Summary for Paper
==============================================================================================================
  n=128    A-ABFT: 280×  V-ABFT: 16×  Advantage: 17.9×  A-FPR: 0.0%  V-FPR: 0.0%
  n=256    A-ABFT: 821×  V-ABFT: 25×  Advantage: 33.3×  A-FPR: 0.0%  V-FPR: 0.0%
  n=512    A-ABFT: 1268×  V-ABFT: 21×  Advantage: 60.5×  A-FPR: 0.0%  V-FPR: 0.0%
  n=1024   A-ABFT: 978×  V-ABFT: 9×  Advantage: 106.4×  A-FPR: 0.0%  V-FPR: 0.0%
  n=2048   A-ABFT: 1456×  V-ABFT: 8×  Advantage: 180.3×  A-FPR: 0.0%  V-FPR: 0.0%

LaTeX Table Data:
  128×128 & $6.96e-06$ & $1.95e-03$ & $1.09e-04$ & $280\times$ & $15\times$ & 0\% & 0\% \\
  256×256 & $1.02e-05$ & $8.37e-03$ & $2.51e-04$ & $820\times$ & $24\times$ & 0\% & 0\% \\
  512×512 & $2.83e-05$ & $3.58e-02$ & $5.93e-04$ & $1267\times$ & $20\times$ & 0\% & 0\% \\
  1024×1024 & $1.56e-04$ & $1.52e-01$ & $1.43e-03$ & $978\times$ & $9\times$ & 0\% & 0\% \\
  2048×2048 & $4.41e-04$ & $6.43e-01$ & $3.56e-03$ & $1456\times$ & $8\times$ & 0\% & 0\% \\
