==============================================================================================================
A-ABFT vs V-ABFT Comparison - GPU Low Precision (bfloat16)
==============================================================================================================
Date: 2026-04-21 15:55:33
Device: cuda
Dtype: torch.bfloat16
Unit roundoff u: 3.9062e-03
e_max: 8.0000e-03 (~2.0u)
Trials: 100
A-ABFT y: computed from data (y = max|A| × max|B_rowsum|)
==============================================================================================================

Size       avg_y      Actual Diff    A-ABFT         V-ABFT         A-Tight    V-Tight    A-FPR    V-FPR   
--------------------------------------------------------------------------------------------------------------

Testing 128×128 (bfloat16)...
  Trial 0/100...
  Trial 10/100...
  Trial 20/100...
  Trial 30/100...
  Trial 40/100...
  Trial 50/100...
  Trial 60/100...
  Trial 70/100...
  Trial 80/100...
  Trial 90/100...
128×128    18.4       8.07e-02       6.43e+01       4.14e+00       796       × 51        × 0.00    % 0.00    %

Testing 256×256 (bfloat16)...
  Trial 0/100...
  Trial 10/100...
  Trial 20/100...
  Trial 30/100...
  Trial 40/100...
  Trial 50/100...
  Trial 60/100...
  Trial 70/100...
  Trial 80/100...
  Trial 90/100...
256×256    28.3       1.60e-01       2.78e+02       8.42e+00       1733      × 52        × 0.00    % 0.00    %

Testing 512×512 (bfloat16)...
  Trial 0/100...
  Trial 10/100...
  Trial 20/100...
  Trial 30/100...
  Trial 40/100...
  Trial 50/100...
  Trial 60/100...
  Trial 70/100...
  Trial 80/100...
  Trial 90/100...
512×512    42.2       3.22e-01       1.17e+03       1.69e+01       3636      × 52        × 0.00    % 0.00    %

Testing 1024×1024 (bfloat16)...
  Trial 0/100...
  Trial 10/100...
  Trial 20/100...
  Trial 30/100...
  Trial 40/100...
  Trial 50/100...
  Trial 60/100...
  Trial 70/100...
  Trial 80/100...
  Trial 90/100...
1024×1024   63.9       6.44e-01       5.02e+03       3.40e+01       7789      × 53        × 0.00    % 0.00    %

Testing 2048×2048 (bfloat16)...
  Trial 0/100...
  Trial 10/100...
  Trial 20/100...
  Trial 30/100...
  Trial 40/100...
  Trial 50/100...
  Trial 60/100...
  Trial 70/100...
  Trial 80/100...
  Trial 90/100...
2048×2048   95.2       1.28e+00       2.11e+04       6.81e+01       16438     × 53        × 0.00    % 0.00    %

==============================================================================================================
Summary for Paper
==============================================================================================================
Size       Actual Diff    A-ABFT Tight   V-ABFT Tight   V-ABFT Advantage  
---------------------------------------------------------------------------
128×128    8.07e-02       796           × 51            × 15.5              × tighter
256×256    1.60e-01       1733          × 52            × 33.0              × tighter
512×512    3.22e-01       3636          × 52            × 69.3              × tighter
1024×1024   6.44e-01       7789          × 53            × 147.7             × tighter
2048×2048   1.28e+00       16438         × 53            × 310.0             × tighter

==============================================================================================================
LaTeX Table Data
==============================================================================================================
$\NUMNUM{128}{128}$ & $8.07e-02$ & $6.43e+01$ & $4.14e+00$ & $795\times$ & $51\times$ & 0\% & 0\% \\
$\NUMNUM{256}{256}$ & $1.60e-01$ & $2.78e+02$ & $8.42e+00$ & $1732\times$ & $52\times$ & 0\% & 0\% \\
$\NUMNUM{512}{512}$ & $3.22e-01$ & $1.17e+03$ & $1.69e+01$ & $3635\times$ & $52\times$ & 0\% & 0\% \\
$\NUMNUM{1024}{1024}$ & $6.44e-01$ & $5.02e+03$ & $3.40e+01$ & $7788\times$ & $52\times$ & 0\% & 0\% \\
$\NUMNUM{2048}{2048}$ & $1.28e+00$ & $2.11e+04$ & $6.81e+01$ & $16438\times$ & $53\times$ & 0\% & 0\% \\
