====================================================================================================
e_max Measurement v2 — fixed M=1024, N=256, sweep K
====================================================================================================
Date:    2026-04-21 15:55:38
Device:  cuda
Dtype:   torch.float64  (u = 1.1102e-16)
Trials:  50000 per K value
K sweep: [256, 512, 1024, 2048, 4096, 8192, 16384]
====================================================================================================

K        max(e_max)     max/u      p99.9          p99.9/u    mean           mean/u    
--------------------------------------------------------------------------------------
Testing K=256...256      4.1575e-16     3.74       2.7638e-16     2.49       4.7585e-17     0.43      
Testing K=512...512      4.1113e-16     3.70       2.7378e-16     2.47       5.3185e-17     0.48      
Testing K=1024...1024     5.5301e-16     4.98       2.7192e-16     2.45       6.3087e-17     0.57      
Testing K=2048...2048     5.3024e-16     4.78       2.6917e-16     2.42       5.9641e-17     0.54      
Testing K=4096...4096     5.3894e-16     4.85       2.6776e-16     2.41       6.3480e-17     0.57      
Testing K=8192...8192     6.6060e-16     5.95       3.9512e-16     3.56       7.9311e-17     0.71      
Testing K=16384...16384    7.9488e-16     7.16       3.9806e-16     3.59       9.7335e-17     0.88      

====================================================================================================
ANALYSIS
====================================================================================================
e_max/u range: 3.70 — 7.16
Variation (max/min): 1.93x
CV (across K values): 22.4%

Model comparison (sorted by R²):
  sqrt_K      : R² = 0.9175  e_max = 3.1972e-18 * sqrt(K) + 3.7583e-16  <-- BEST
  linear_K    : R² = 0.8838  e_max = 2.1638e-20 * K + 4.5729e-16
  constant    : R² = 0.0000  e_max = 5.5779e-16

Recommended: sqrt_K
Formula:     e_max = 3.1972e-18 * sqrt(K) + 3.7583e-16

R²(sqrt_K) for paper table: 0.92

Conclusion: e_max scales with sqrt(K). Use fitted formula.

====================================================================================================
DATA FOR PAPER (Markdown)
====================================================================================================
Config: M=1024, N=256, dtype=float64, device=cuda, 50000 trials/K

| K | e_max | e_max/u |
|---:|------:|--------:|
| 256 | 4.16e-16 | 3.7 |
| 512 | 4.11e-16 | 3.7 |
| 1024 | 5.53e-16 | 5.0 |
| 2048 | 5.30e-16 | 4.8 |
| 4096 | 5.39e-16 | 4.9 |
| 8192 | 6.61e-16 | 6.0 |
| 16384 | 7.95e-16 | 7.2 |

CV = 22.4%,  scaling = sqrt_K
