====================================================================================================
GPU Low Precision e_max Measurement (v2 - positive matrices)
====================================================================================================
Date: 2026-04-21 16:44:39
Device: cuda
Dtype: torch.float16
Unit roundoff u: 4.8828e-04
Trials per size: 2000
Matrix sizes (N×N): [128, 256, 512, 1024, 2048, 4096]
====================================================================================================

N          max(e_max)      max/u      p99.9           p99.9/u    mean            mean/u    
------------------------------------------------------------------------------------------
Testing N=128...128        9.7656e-04      2.00       9.7656e-04      2.00       8.6030e-04      1.76      
Testing N=256...256        9.7656e-04      2.00       9.7656e-04      2.00       9.1485e-04      1.87      
Testing N=512...  [Warning: 0 nan, 2000 inf trials skipped]512        0.0000e+00      0.00       0.0000e+00      0.00       0.0000e+00      0.00      
Testing N=1024...  [Warning: 0 nan, 2000 inf trials skipped]1024       0.0000e+00      0.00       0.0000e+00      0.00       0.0000e+00      0.00      
Testing N=2048...  [Warning: 0 nan, 2000 inf trials skipped]2048       0.0000e+00      0.00       0.0000e+00      0.00       0.0000e+00      0.00      
Testing N=4096...  [Warning: 0 nan, 2000 inf trials skipped]4096       0.0000e+00      0.00       0.0000e+00      0.00       0.0000e+00      0.00      

====================================================================================================
Analysis
====================================================================================================
Coefficient of Variation (CV) of max/u: 141.4%
√N linear fit: e_max = -1.80e-05 × √N + 9.00e-04, R² = 0.505
Conclusion: e_max pattern unclear (CV=141.4%, R²=0.505)
Using conservative constant: e_max = 1.46e-03

====================================================================================================
Table for Paper
====================================================================================================
| N | e_max | e_max/u | valid_trials |
|---|-------|---------|--------------|
| 128 | 9.77e-04 | 2.0 | 2000 |
| 256 | 9.77e-04 | 2.0 | 2000 |
| 512 | 0.00e+00 | 0.0 | 1 |
| 1024 | 0.00e+00 | 0.0 | 1 |
| 2048 | 0.00e+00 | 0.0 | 1 |
| 4096 | 0.00e+00 | 0.0 | 1 |
