====================================================================================================
e_max Measurement v2 — fixed M=1024, N=256, sweep K
====================================================================================================
Date:    2026-04-21 16:01:27
Device:  cpu
Dtype:   torch.float64  (u = 1.1102e-16)
Trials:  5000 per K value
K sweep: [256, 512, 1024, 2048, 4096, 8192, 16384]
====================================================================================================

K        max(e_max)     max/u      p99.9          p99.9/u    mean           mean/u    
--------------------------------------------------------------------------------------
Testing K=256...256      5.4472e-16     4.91       2.8011e-16     2.52       6.4513e-17     0.58      
Testing K=512...512      5.3211e-16     4.79       2.7569e-16     2.48       6.6611e-17     0.60      
Testing K=1024...1024     5.4470e-16     4.91       2.7387e-16     2.47       7.3328e-17     0.66      
Testing K=2048...2048     5.4142e-16     4.88       3.9722e-16     3.58       8.4216e-17     0.76      
Testing K=4096...4096     6.6988e-16     6.03       5.2092e-16     4.69       1.0317e-16     0.93      
Testing K=8192...8192     9.2395e-16     8.32       5.3160e-16     4.79       1.3378e-16     1.20      
Testing K=16384...16384    1.1909e-15     10.73      7.9107e-16     7.13       1.7975e-16     1.62      

====================================================================================================
ANALYSIS
====================================================================================================
e_max/u range: 4.79 — 10.73
Variation (max/min): 2.24x
CV (across K values): 33.5%

Model comparison (sorted by R²):
  linear_K    : R² = 0.9786  e_max = 4.3129e-20 * K + 5.0649e-16  <-- BEST
  sqrt_K      : R² = 0.9315  e_max = 6.1019e-18 * sqrt(K) + 3.5953e-16
  constant    : R² = 0.0000  e_max = 7.0681e-16

Recommended: linear_K
Formula:     e_max = 4.3129e-20 * K + 5.0649e-16

R²(sqrt_K) for paper table: 0.93

Conclusion: e_max scales with sqrt(K). Use fitted formula.

====================================================================================================
DATA FOR PAPER (Markdown)
====================================================================================================
Config: M=1024, N=256, dtype=float64, device=cpu, 5000 trials/K

| K | e_max | e_max/u |
|---:|------:|--------:|
| 256 | 5.45e-16 | 4.9 |
| 512 | 5.32e-16 | 4.8 |
| 1024 | 5.45e-16 | 4.9 |
| 2048 | 5.41e-16 | 4.9 |
| 4096 | 6.70e-16 | 6.0 |
| 8192 | 9.24e-16 | 8.3 |
| 16384 | 1.19e-15 | 10.7 |

CV = 33.5%,  scaling = sqrt_K
