====================================================================================================
e_max Measurement v2 — fixed M=1024, N=256, sweep K
====================================================================================================
Date:    2026-04-21 15:58:55
Device:  cuda
Dtype:   torch.float32  (u = 5.9605e-08)
Trials:  50000 per K value
K sweep: [256, 512, 1024, 2048, 4096, 8192, 16384]
====================================================================================================

K        max(e_max)     max/u      p99.9          p99.9/u    mean           mean/u    
--------------------------------------------------------------------------------------
Testing K=256...256      2.2268e-07     3.74       1.4860e-07     2.49       2.6269e-08     0.44      
Testing K=512...512      1.5698e-07     2.63       1.4607e-07     2.45       2.4550e-08     0.41      
Testing K=1024...1024     2.1771e-07     3.65       1.4502e-07     2.43       2.6078e-08     0.44      
Testing K=2048...2048     2.1752e-07     3.65       1.4419e-07     2.42       2.8034e-08     0.47      
Testing K=4096...4096     2.8538e-07     4.79       1.4366e-07     2.41       3.2394e-08     0.54      
Testing K=8192...8192     2.8719e-07     4.82       1.4368e-07     2.41       3.9726e-08     0.67      
Testing K=16384...16384    4.2601e-07     7.15       2.1354e-07     3.58       5.1356e-08     0.86      

====================================================================================================
ANALYSIS
====================================================================================================
e_max/u range: 2.63 — 7.15
Variation (max/min): 2.71x
CV (across K values): 30.8%

Model comparison (sorted by R²):
  linear_K    : R² = 0.9029  e_max = 1.3942e-11 * K + 1.9431e-07  <-- BEST
  sqrt_K      : R² = 0.8681  e_max = 1.9823e-09 * sqrt(K) + 1.4624e-07
  constant    : R² = 0.0000  e_max = 2.5907e-07

Recommended: linear_K
Formula:     e_max = 1.3942e-11 * K + 1.9431e-07

R²(sqrt_K) for paper table: 0.87

Conclusion: e_max scales with sqrt(K). Use fitted formula.

====================================================================================================
DATA FOR PAPER (Markdown)
====================================================================================================
Config: M=1024, N=256, dtype=float32, device=cuda, 50000 trials/K

| K | e_max | e_max/u |
|---:|------:|--------:|
| 256 | 2.23e-07 | 3.7 |
| 512 | 1.57e-07 | 2.6 |
| 1024 | 2.18e-07 | 3.7 |
| 2048 | 2.18e-07 | 3.6 |
| 4096 | 2.85e-07 | 4.8 |
| 8192 | 2.87e-07 | 4.8 |
| 16384 | 4.26e-07 | 7.1 |

CV = 30.8%,  scaling = sqrt_K
