====================================================================================================
e_max Measurement v2 — fixed M=1024, N=256, sweep K
====================================================================================================
Date:    2026-04-21 16:24:57
Device:  cpu
Dtype:   torch.float32  (u = 5.9605e-08)
Trials:  5000 per K value
K sweep: [256, 512, 1024, 2048, 4096, 8192, 16384]
====================================================================================================

K        max(e_max)     max/u      p99.9          p99.9/u    mean           mean/u    
--------------------------------------------------------------------------------------
Testing K=256...256      3.7272e-07     6.25       2.2293e-07     3.74       5.5877e-08     0.94      
Testing K=512...512      3.7259e-07     6.25       2.1964e-07     3.68       5.3811e-08     0.90      
Testing K=1024...1024     3.6522e-07     6.13       2.1874e-07     3.67       5.5909e-08     0.94      
Testing K=2048...2048     4.1828e-07     7.02       2.8195e-07     4.73       5.9494e-08     1.00      
Testing K=4096...4096     4.2968e-07     7.21       2.8511e-07     4.78       6.6510e-08     1.12      
Testing K=8192...8192     5.6507e-07     9.48       3.5432e-07     5.94       7.8694e-08     1.32      
Testing K=16384...16384    7.0634e-07     11.85      4.2588e-07     7.15       9.8761e-08     1.66      

====================================================================================================
ANALYSIS
====================================================================================================
e_max/u range: 6.13 — 11.85
Variation (max/min): 1.93x
CV (across K values): 25.7%

Model comparison (sorted by R²):
  linear_K    : R² = 0.9825  e_max = 2.1640e-11 * K + 3.6091e-07  <-- BEST
  sqrt_K      : R² = 0.9427  e_max = 3.0739e-09 * sqrt(K) + 2.8647e-07
  constant    : R² = 0.0000  e_max = 4.6141e-07

Recommended: linear_K
Formula:     e_max = 2.1640e-11 * K + 3.6091e-07

R²(sqrt_K) for paper table: 0.94

Conclusion: e_max scales with sqrt(K). Use fitted formula.

====================================================================================================
DATA FOR PAPER (Markdown)
====================================================================================================
Config: M=1024, N=256, dtype=float32, device=cpu, 5000 trials/K

| K | e_max | e_max/u |
|---:|------:|--------:|
| 256 | 3.73e-07 | 6.3 |
| 512 | 3.73e-07 | 6.3 |
| 1024 | 3.65e-07 | 6.1 |
| 2048 | 4.18e-07 | 7.0 |
| 4096 | 4.30e-07 | 7.2 |
| 8192 | 5.65e-07 | 9.5 |
| 16384 | 7.06e-07 | 11.9 |

CV = 25.7%,  scaling = sqrt_K
