====================================================================================================
GPU Low Precision e_max Measurement (v2 - positive matrices)
====================================================================================================
Date: 2026-04-21 16:44:32
Device: cuda
Dtype: torch.bfloat16
Unit roundoff u: 3.9062e-03
Trials per size: 2000
Matrix sizes (N×N): [128, 256, 512, 1024, 2048, 4096]
====================================================================================================

N          max(e_max)      max/u      p99.9           p99.9/u    mean            mean/u    
------------------------------------------------------------------------------------------
Testing N=128...128        7.8125e-03      2.00       7.8125e-03      2.00       6.8680e-03      1.76      
Testing N=256...256        7.8125e-03      2.00       7.8125e-03      2.00       7.2955e-03      1.87      
Testing N=512...512        7.8125e-03      2.00       7.8125e-03      2.00       7.5239e-03      1.93      
Testing N=1024...1024       7.8125e-03      2.00       7.8125e-03      2.00       7.7227e-03      1.98      
Testing N=2048...2048       7.8125e-03      2.00       7.8125e-03      2.00       7.7881e-03      1.99      
Testing N=4096...4096       7.8125e-03      2.00       7.8125e-03      2.00       7.8022e-03      2.00      

====================================================================================================
Analysis
====================================================================================================
Coefficient of Variation (CV) of max/u: 0.0%
Conclusion: e_max is approximately CONSTANT (~2.0u)
Recommended e_max = 9.37e-03 (with 1.2× safety margin)

====================================================================================================
Table for Paper
====================================================================================================
| N | e_max | e_max/u | valid_trials |
|---|-------|---------|--------------|
| 128 | 7.81e-03 | 2.0 | 2000 |
| 256 | 7.81e-03 | 2.0 | 2000 |
| 512 | 7.81e-03 | 2.0 | 2000 |
| 1024 | 7.81e-03 | 2.0 | 2000 |
| 2048 | 7.81e-03 | 2.0 | 2000 |
| 4096 | 7.81e-03 | 2.0 | 2000 |
