[2026-04-21 15:55:25] Phase 1 START
[2026-04-21 15:55:25] [A.1] FP64 tightness (500 trials, sizes 128-2048)
[2026-04-21 15:55:28] [A.2] FP32 tightness (500 trials)
[2026-04-21 15:55:32] [A.3] BF16 tightness (100 trials)
[2026-04-21 15:55:37] [B.1a] GPU FP64 e_max sweep (50k trials, K=256-16384)
[2026-04-21 15:58:54] [B.1b] GPU FP32 e_max sweep (50k trials)
[2026-04-21 16:01:26] [B.1c] CPU FP64 e_max sweep (5k trials)
[2026-04-21 16:24:56] [B.1d] CPU FP32 e_max sweep (5k trials)
[2026-04-21 16:44:31] [B.1e] GPU BF16 e_max
[2026-04-21 16:44:38] [B.1f] GPU FP16 e_max
[2026-04-21 16:44:44] [C.1] A-ABFT paper Table II reproduction (FP64, sizes 128-2048)
[2026-04-21 21:29:08] Phase 1 COMPLETE — results in /home/zhicheng/gyh/ai-pg/vabft_artifact/results
total 48
drwxr-xr-x 2 zhicheng users 4096 Apr 21 16:44 .
drwxr-xr-x 3 zhicheng users 4096 Apr 21 15:55 ..
-rw-r--r-- 1 zhicheng users 2400 Apr 21 15:55 A1_tightness_fp64.log
-rw-r--r-- 1 zhicheng users 2404 Apr 21 15:55 A2_tightness_fp32.log
-rw-r--r-- 1 zhicheng users 4026 Apr 21 15:55 A3_tightness_bf16.log
-rw-r--r-- 1 zhicheng users 2678 Apr 21 16:44 B1_emax_cpu_fp32.log
-rw-r--r-- 1 zhicheng users 2678 Apr 21 16:24 B1_emax_cpu_fp64.log
-rw-r--r-- 1 zhicheng users 2228 Apr 21 16:44 B1_emax_gpu_bf16.log
-rw-r--r-- 1 zhicheng users 2451 Apr 21 16:44 B1_emax_gpu_fp16.log
-rw-r--r-- 1 zhicheng users 2680 Apr 21 16:01 B1_emax_gpu_fp32.log
-rw-r--r-- 1 zhicheng users 2684 Apr 21 15:58 B1_emax_gpu_fp64.log
-rw-r--r-- 1 zhicheng users 3588 Apr 21 21:29 C1_aabft_validation.log
