Config: M=128, K=2048, N=256, trials=100
A-ABFT: ORIGINAL single inner-product formula (per-row y)
Bits: 31 -> 16
Distributions: ['N(1e-6,1)', 'N(1,1)', 'U(-1,1)', 'TruncN']
======================================================================

  Distribution: N(1e-6,1)
    bit 31 (sign): Vdet=100.0% Adet=100.0%  Ve2e=100.0%  Ae2e=100.0%  (n=100, dv=100, da=100)
    bit 30 (exp ): Vdet=100.0% Adet=100.0%  Ve2e=100.0%  Ae2e=100.0%  (n=100, dv=100, da=100)
    bit 29 (exp ): Vdet=100.0% Adet= 99.0%  Ve2e=100.0%  Ae2e= 99.0%  (n=100, dv=100, da=99)
    bit 28 (exp ): Vdet=100.0% Adet= 99.0%  Ve2e=100.0%  Ae2e= 99.0%  (n=100, dv=100, da=99)
    bit 27 (exp ): Vdet=100.0% Adet= 97.0%  Ve2e= 99.0%  Ae2e= 97.0%  (n=100, dv=100, da=97)
    bit 26 (exp ): Vdet=100.0% Adet= 97.0%  Ve2e= 99.0%  Ae2e= 97.0%  (n=100, dv=100, da=97)
    bit 25 (exp ): Vdet=100.0% Adet=100.0%  Ve2e=100.0%  Ae2e=100.0%  (n=100, dv=100, da=100)
    bit 24 (exp ): Vdet=100.0% Adet= 99.0%  Ve2e=100.0%  Ae2e= 99.0%  (n=100, dv=100, da=99)
    bit 23 (exp ): Vdet=100.0% Adet= 98.0%  Ve2e= 99.0%  Ae2e= 98.0%  (n=100, dv=100, da=98)
    bit 22 (mant): Vdet= 99.0% Adet= 97.0%  Ve2e= 99.0%  Ae2e= 97.0%  (n=100, dv=99, da=97)
    bit 21 (mant): Vdet=100.0% Adet= 94.0%  Ve2e= 98.0%  Ae2e= 94.0%  (n=100, dv=100, da=94)
    bit 20 (mant): Vdet= 96.0% Adet= 88.0%  Ve2e= 94.0%  Ae2e= 88.0%  (n=100, dv=96, da=88)
    bit 19 (mant): Vdet= 99.0% Adet= 76.0%  Ve2e= 92.0%  Ae2e= 76.0%  (n=100, dv=99, da=76)
    bit 18 (mant): Vdet= 96.0% Adet= 42.0%  Ve2e= 84.0%  Ae2e= 42.0%  (n=100, dv=96, da=42)
    bit 17 (mant): Vdet= 83.0% Adet= 14.0%  Ve2e= 56.0%  Ae2e= 14.0%  (n=100, dv=83, da=14)
    bit 16 (mant): Vdet= 81.0% Adet=  0.0%  Ve2e= 31.0%  Ae2e=  0.0%  (n=100, dv=81, da=0)

  Distribution: N(1,1)
    bit 31 (sign): Vdet=100.0% Adet=100.0%  Ve2e=100.0%  Ae2e=100.0%  (n=100, dv=100, da=100)
    bit 30 (exp ): Vdet=100.0% Adet=100.0%  Ve2e=100.0%  Ae2e=100.0%  (n=100, dv=100, da=100)
    bit 29 (exp ): Vdet=100.0% Adet=100.0%  Ve2e=100.0%  Ae2e=100.0%  (n=100, dv=100, da=100)
    bit 28 (exp ): Vdet=100.0% Adet=100.0%  Ve2e=100.0%  Ae2e=100.0%  (n=100, dv=100, da=100)
    bit 27 (exp ): Vdet=100.0% Adet=100.0%  Ve2e=100.0%  Ae2e=100.0%  (n=100, dv=100, da=100)
    bit 26 (exp ): Vdet=100.0% Adet=100.0%  Ve2e=100.0%  Ae2e=100.0%  (n=100, dv=100, da=100)
    bit 25 (exp ): Vdet=100.0% Adet=100.0%  Ve2e=100.0%  Ae2e=100.0%  (n=100, dv=100, da=100)
    bit 24 (exp ): Vdet=100.0% Adet=100.0%  Ve2e=100.0%  Ae2e=100.0%  (n=100, dv=100, da=100)
    bit 23 (exp ): Vdet=100.0% Adet=100.0%  Ve2e=100.0%  Ae2e=100.0%  (n=100, dv=100, da=100)
    bit 22 (mant): Vdet=100.0% Adet=100.0%  Ve2e=100.0%  Ae2e=100.0%  (n=100, dv=100, da=100)
    bit 21 (mant): Vdet=100.0% Adet=100.0%  Ve2e=100.0%  Ae2e=100.0%  (n=100, dv=100, da=100)
    bit 20 (mant): Vdet=100.0% Adet=100.0%  Ve2e=100.0%  Ae2e=100.0%  (n=100, dv=100, da=100)
    bit 19 (mant): Vdet=100.0% Adet=100.0%  Ve2e=100.0%  Ae2e=100.0%  (n=100, dv=100, da=100)
    bit 18 (mant): Vdet=100.0% Adet=100.0%  Ve2e=100.0%  Ae2e= 56.0%  (n=100, dv=100, da=100)
    bit 17 (mant): Vdet=100.0% Adet=100.0%  Ve2e= 50.0%  Ae2e=  6.0%  (n=100, dv=100, da=100)
    bit 16 (mant): Vdet=100.0% Adet= 83.0%  Ve2e=  0.0%  Ae2e=  0.0%  (n=100, dv=100, da=83)

  Distribution: U(-1,1)
    bit 31 (sign): Vdet=100.0% Adet=100.0%  Ve2e=100.0%  Ae2e=100.0%  (n=100, dv=100, da=100)
    bit 30 (exp ): Vdet=100.0% Adet=100.0%  Ve2e=100.0%  Ae2e=100.0%  (n=100, dv=100, da=100)
    bit 29 (exp ): Vdet=100.0% Adet= 99.0%  Ve2e=100.0%  Ae2e= 99.0%  (n=100, dv=100, da=99)
    bit 28 (exp ): Vdet=100.0% Adet=100.0%  Ve2e=100.0%  Ae2e=100.0%  (n=100, dv=100, da=100)
    bit 27 (exp ): Vdet=100.0% Adet=100.0%  Ve2e=100.0%  Ae2e=100.0%  (n=100, dv=100, da=100)
    bit 26 (exp ): Vdet=100.0% Adet=100.0%  Ve2e=100.0%  Ae2e=100.0%  (n=100, dv=100, da=100)
    bit 25 (exp ): Vdet=100.0% Adet=100.0%  Ve2e=100.0%  Ae2e=100.0%  (n=100, dv=100, da=100)
    bit 24 (exp ): Vdet=100.0% Adet=100.0%  Ve2e=100.0%  Ae2e=100.0%  (n=100, dv=100, da=100)
    bit 23 (exp ): Vdet=100.0% Adet= 98.0%  Ve2e=100.0%  Ae2e= 98.0%  (n=100, dv=100, da=98)
    bit 22 (mant): Vdet=100.0% Adet= 95.0%  Ve2e= 95.0%  Ae2e= 95.0%  (n=100, dv=100, da=95)
    bit 21 (mant): Vdet=100.0% Adet= 96.0%  Ve2e= 98.0%  Ae2e= 96.0%  (n=100, dv=100, da=96)
    bit 20 (mant): Vdet= 99.0% Adet= 87.0%  Ve2e= 96.0%  Ae2e= 87.0%  (n=100, dv=99, da=87)
    bit 19 (mant): Vdet= 96.0% Adet= 82.0%  Ve2e= 90.0%  Ae2e= 82.0%  (n=100, dv=96, da=82)
    bit 18 (mant): Vdet= 95.0% Adet= 57.0%  Ve2e= 72.0%  Ae2e= 57.0%  (n=100, dv=95, da=57)
    bit 17 (mant): Vdet= 96.0% Adet= 31.0%  Ve2e= 65.0%  Ae2e= 31.0%  (n=100, dv=96, da=31)
    bit 16 (mant): Vdet= 92.0% Adet=  5.0%  Ve2e= 25.0%  Ae2e=  5.0%  (n=100, dv=92, da=5)

  Distribution: TruncN
    bit 31 (sign): Vdet=100.0% Adet=100.0%  Ve2e=100.0%  Ae2e=100.0%  (n=100, dv=100, da=100)
    bit 30 (exp ): Vdet=100.0% Adet=100.0%  Ve2e=100.0%  Ae2e=100.0%  (n=100, dv=100, da=100)
    bit 29 (exp ): Vdet= 99.0% Adet= 97.0%  Ve2e= 99.0%  Ae2e= 97.0%  (n=100, dv=99, da=97)
    bit 28 (exp ): Vdet=100.0% Adet= 99.0%  Ve2e= 99.0%  Ae2e= 99.0%  (n=100, dv=100, da=99)
    bit 27 (exp ): Vdet=100.0% Adet= 99.0%  Ve2e=100.0%  Ae2e= 99.0%  (n=100, dv=100, da=99)
    bit 26 (exp ): Vdet=100.0% Adet= 98.0%  Ve2e= 99.0%  Ae2e= 98.0%  (n=100, dv=100, da=98)
    bit 25 (exp ): Vdet=100.0% Adet= 98.0%  Ve2e= 98.0%  Ae2e= 98.0%  (n=100, dv=100, da=98)
    bit 24 (exp ): Vdet=100.0% Adet= 98.0%  Ve2e=100.0%  Ae2e= 98.0%  (n=100, dv=100, da=98)
    bit 23 (exp ): Vdet=100.0% Adet= 96.0%  Ve2e= 99.0%  Ae2e= 96.0%  (n=100, dv=100, da=96)
    bit 22 (mant): Vdet=100.0% Adet= 97.0%  Ve2e=100.0%  Ae2e= 97.0%  (n=100, dv=100, da=97)
    bit 21 (mant): Vdet= 98.0% Adet= 94.0%  Ve2e= 98.0%  Ae2e= 94.0%  (n=100, dv=98, da=94)
    bit 20 (mant): Vdet=100.0% Adet= 91.0%  Ve2e= 96.0%  Ae2e= 91.0%  (n=100, dv=100, da=91)
    bit 19 (mant): Vdet= 98.0% Adet= 69.0%  Ve2e= 91.0%  Ae2e= 69.0%  (n=100, dv=98, da=69)
    bit 18 (mant): Vdet= 94.0% Adet= 50.0%  Ve2e= 85.0%  Ae2e= 50.0%  (n=100, dv=94, da=50)
    bit 17 (mant): Vdet= 93.0% Adet= 17.0%  Ve2e= 64.0%  Ae2e= 17.0%  (n=100, dv=93, da=17)
    bit 16 (mant): Vdet= 90.0% Adet=  0.0%  Ve2e= 37.0%  Ae2e=  0.0%  (n=100, dv=90, da=0)

Results saved to fp32_e2e_128x2048x256_original_aabft.json
